Archive member included to satisfy reference by file (symbol)

/usr/lib/gcc/arm-none-eabi/12.2.1/../../../arm-none-eabi/lib/thumb/v7e-m+fp/hard/libc_nano.a(lib_a-atexit.o)
                              /usr/lib/gcc/arm-none-eabi/12.2.1/../../../arm-none-eabi/lib/thumb/v7e-m+fp/hard/crt0.o (atexit)
/usr/lib/gcc/arm-none-eabi/12.2.1/../../../arm-none-eabi/lib/thumb/v7e-m+fp/hard/libc_nano.a(lib_a-errno.o)
                              build/debug/syscalls.o (__errno)
/usr/lib/gcc/arm-none-eabi/12.2.1/../../../arm-none-eabi/lib/thumb/v7e-m+fp/hard/libc_nano.a(lib_a-exit.o)
                              /usr/lib/gcc/arm-none-eabi/12.2.1/../../../arm-none-eabi/lib/thumb/v7e-m+fp/hard/crt0.o (exit)
/usr/lib/gcc/arm-none-eabi/12.2.1/../../../arm-none-eabi/lib/thumb/v7e-m+fp/hard/libc_nano.a(lib_a-fini.o)
                              /usr/lib/gcc/arm-none-eabi/12.2.1/../../../arm-none-eabi/lib/thumb/v7e-m+fp/hard/crt0.o (__libc_fini_array)
/usr/lib/gcc/arm-none-eabi/12.2.1/../../../arm-none-eabi/lib/thumb/v7e-m+fp/hard/libc_nano.a(lib_a-impure.o)
                              /usr/lib/gcc/arm-none-eabi/12.2.1/../../../arm-none-eabi/lib/thumb/v7e-m+fp/hard/libc_nano.a(lib_a-exit.o) (_global_impure_ptr)
/usr/lib/gcc/arm-none-eabi/12.2.1/../../../arm-none-eabi/lib/thumb/v7e-m+fp/hard/libc_nano.a(lib_a-init.o)
                              /usr/lib/gcc/arm-none-eabi/12.2.1/../../../arm-none-eabi/lib/thumb/v7e-m+fp/hard/crt0.o (__libc_init_array)
/usr/lib/gcc/arm-none-eabi/12.2.1/../../../arm-none-eabi/lib/thumb/v7e-m+fp/hard/libc_nano.a(lib_a-memcpy.o)
                              build/debug/queue.o (memcpy)
/usr/lib/gcc/arm-none-eabi/12.2.1/../../../arm-none-eabi/lib/thumb/v7e-m+fp/hard/libc_nano.a(lib_a-memset.o)
                              /usr/lib/gcc/arm-none-eabi/12.2.1/../../../arm-none-eabi/lib/thumb/v7e-m+fp/hard/crt0.o (memset)
/usr/lib/gcc/arm-none-eabi/12.2.1/../../../arm-none-eabi/lib/thumb/v7e-m+fp/hard/libc_nano.a(lib_a-__atexit.o)
                              /usr/lib/gcc/arm-none-eabi/12.2.1/../../../arm-none-eabi/lib/thumb/v7e-m+fp/hard/libc_nano.a(lib_a-atexit.o) (__register_exitproc)
/usr/lib/gcc/arm-none-eabi/12.2.1/../../../arm-none-eabi/lib/thumb/v7e-m+fp/hard/libc_nano.a(lib_a-__call_atexit.o)
                              /usr/lib/gcc/arm-none-eabi/12.2.1/../../../arm-none-eabi/lib/thumb/v7e-m+fp/hard/libc_nano.a(lib_a-__atexit.o) (__call_exitprocs)
/usr/lib/gcc/arm-none-eabi/12.2.1/thumb/v7e-m+fp/hard/libgcc.a(_aeabi_uldivmod.o)
                              build/debug/stm32f4xx_hal_rcc.o (__aeabi_uldivmod)
/usr/lib/gcc/arm-none-eabi/12.2.1/thumb/v7e-m+fp/hard/libgcc.a(_udivmoddi4.o)
                              /usr/lib/gcc/arm-none-eabi/12.2.1/thumb/v7e-m+fp/hard/libgcc.a(_aeabi_uldivmod.o) (__udivmoddi4)
/usr/lib/gcc/arm-none-eabi/12.2.1/thumb/v7e-m+fp/hard/libgcc.a(_dvmd_tls.o)
                              /usr/lib/gcc/arm-none-eabi/12.2.1/thumb/v7e-m+fp/hard/libgcc.a(_aeabi_uldivmod.o) (__aeabi_ldiv0)

Discarded input sections

 .text          0x00000000        0x0 /usr/lib/gcc/arm-none-eabi/12.2.1/thumb/v7e-m+fp/hard/crti.o
 .data          0x00000000        0x0 /usr/lib/gcc/arm-none-eabi/12.2.1/thumb/v7e-m+fp/hard/crti.o
 .bss           0x00000000        0x0 /usr/lib/gcc/arm-none-eabi/12.2.1/thumb/v7e-m+fp/hard/crti.o
 .data          0x00000000        0x4 /usr/lib/gcc/arm-none-eabi/12.2.1/thumb/v7e-m+fp/hard/crtbegin.o
 .rodata        0x00000000       0x24 /usr/lib/gcc/arm-none-eabi/12.2.1/thumb/v7e-m+fp/hard/crtbegin.o
 .text          0x00000000       0x70 /usr/lib/gcc/arm-none-eabi/12.2.1/../../../arm-none-eabi/lib/thumb/v7e-m+fp/hard/crt0.o
 .data          0x00000000        0x0 /usr/lib/gcc/arm-none-eabi/12.2.1/../../../arm-none-eabi/lib/thumb/v7e-m+fp/hard/crt0.o
 .bss           0x00000000        0x0 /usr/lib/gcc/arm-none-eabi/12.2.1/../../../arm-none-eabi/lib/thumb/v7e-m+fp/hard/crt0.o
 .ARM.extab     0x00000000        0x0 /usr/lib/gcc/arm-none-eabi/12.2.1/../../../arm-none-eabi/lib/thumb/v7e-m+fp/hard/crt0.o
 .ARM.exidx     0x00000000       0x10 /usr/lib/gcc/arm-none-eabi/12.2.1/../../../arm-none-eabi/lib/thumb/v7e-m+fp/hard/crt0.o
 .debug_line    0x00000000       0x75 /usr/lib/gcc/arm-none-eabi/12.2.1/../../../arm-none-eabi/lib/thumb/v7e-m+fp/hard/crt0.o
 .debug_line_str
                0x00000000       0x86 /usr/lib/gcc/arm-none-eabi/12.2.1/../../../arm-none-eabi/lib/thumb/v7e-m+fp/hard/crt0.o
 .debug_info    0x00000000       0x24 /usr/lib/gcc/arm-none-eabi/12.2.1/../../../arm-none-eabi/lib/thumb/v7e-m+fp/hard/crt0.o
 .debug_abbrev  0x00000000       0x14 /usr/lib/gcc/arm-none-eabi/12.2.1/../../../arm-none-eabi/lib/thumb/v7e-m+fp/hard/crt0.o
 .debug_aranges
                0x00000000       0x20 /usr/lib/gcc/arm-none-eabi/12.2.1/../../../arm-none-eabi/lib/thumb/v7e-m+fp/hard/crt0.o
 .debug_str     0x00000000       0x92 /usr/lib/gcc/arm-none-eabi/12.2.1/../../../arm-none-eabi/lib/thumb/v7e-m+fp/hard/crt0.o
 .ARM.attributes
[...]
Memory Configuration

Name             Origin             Length             Attributes
RAM              0x20000000         0x00020000         xrw
FLASH            0x08000000         0x00080000         xr
IPC_RAM          0x2001f000         0x00001000         xrw
*default*        0x00000000         0xffffffff

Linker script and memory map

LOAD /usr/lib/gcc/arm-none-eabi/12.2.1/thumb/v7e-m+fp/hard/crti.o
LOAD /usr/lib/gcc/arm-none-eabi/12.2.1/thumb/v7e-m+fp/hard/crtbegin.o
LOAD /usr/lib/gcc/arm-none-eabi/12.2.1/../../../arm-none-eabi/lib/thumb/v7e-m+fp/hard/crt0.o
LOAD build/debug/adc.o
LOAD build/debug/cmsis_os.o
LOAD build/debug/croutine.o
LOAD build/debug/event_groups.o
LOAD build/debug/freertos.o
LOAD build/debug/gpio.o
LOAD build/debug/iwdg.o
LOAD build/debug/list.o
LOAD build/debug/main.o
LOAD build/debug/mpu_wrappers.o
LOAD build/debug/port.o
LOAD build/debug/queue.o
LOAD build/debug/stm32f4xx_hal.o
LOAD build/debug/stm32f4xx_hal_adc.o
LOAD build/debug/stm32f4xx_hal_adc_ex.o
LOAD build/debug/stm32f4xx_hal_cortex.o
LOAD build/debug/stm32f4xx_hal_dma.o
LOAD build/debug/stm32f4xx_hal_dma_ex.o
LOAD build/debug/stm32f4xx_hal_exti.o
LOAD build/debug/stm32f4xx_hal_flash.o
LOAD build/debug/stm32f4xx_hal_flash_ex.o
LOAD build/debug/stm32f4xx_hal_flash_ramfunc.o
LOAD build/debug/stm32f4xx_hal_gpio.o
LOAD build/debug/stm32f4xx_hal_iwdg.o
LOAD build/debug/stm32f4xx_hal_msp.o
LOAD build/debug/stm32f4xx_hal_pwr.o
LOAD build/debug/stm32f4xx_hal_pwr_ex.o
LOAD build/debug/stm32f4xx_hal_rcc.o
LOAD build/debug/stm32f4xx_hal_rcc_ex.o
LOAD build/debug/stm32f4xx_hal_tim.o
LOAD build/debug/stm32f4xx_hal_tim_ex.o
LOAD build/debug/stm32f4xx_hal_timebase_tim.o
LOAD build/debug/stm32f4xx_hal_uart.o
LOAD build/debug/stm32f4xx_it.o
LOAD build/debug/stream_buffer.o
LOAD build/debug/syscalls.o
LOAD build/debug/sysmem.o
LOAD build/debug/system_stm32f4xx.o
LOAD build/debug/tasks.o
LOAD build/debug/tim.o
LOAD build/debug/timers.o
LOAD build/debug/usart.o
LOAD build/debug/startup_stm32f411xe.o
LOAD /usr/lib/gcc/arm-none-eabi/12.2.1/../../../arm-none-eabi/lib/thumb/v7e-m+fp/hard/libc_nano.a
LOAD /usr/lib/gcc/arm-none-eabi/12.2.1/../../../arm-none-eabi/lib/thumb/v7e-m+fp/hard/libm.a
LOAD /usr/lib/gcc/arm-none-eabi/12.2.1/../../../arm-none-eabi/lib/thumb/v7e-m+fp/hard/libnosys.a
START GROUP
LOAD /usr/lib/gcc/arm-none-eabi/12.2.1/thumb/v7e-m+fp/hard/libgcc.a
LOAD /usr/lib/gcc/arm-none-eabi/12.2.1/../../../arm-none-eabi/lib/thumb/v7e-m+fp/hard/libc_nano.a
END GROUP
START GROUP
LOAD /usr/lib/gcc/arm-none-eabi/12.2.1/thumb/v7e-m+fp/hard/libgcc.a
LOAD /usr/lib/gcc/arm-none-eabi/12.2.1/../../../arm-none-eabi/lib/thumb/v7e-m+fp/hard/libc_nano.a
END GROUP
LOAD /usr/lib/gcc/arm-none-eabi/12.2.1/thumb/v7e-m+fp/hard/crtend.o
LOAD /usr/lib/gcc/arm-none-eabi/12.2.1/thumb/v7e-m+fp/hard/crtn.o
                0x20020000                        _estack = (ORIGIN (RAM) + LENGTH (RAM))
                0x00000200                        _Min_Heap_Size = 0x200
                0x00000400                        _Min_Stack_Size = 0x400
                0x08000000                        __FLASH_segment_start__ = ORIGIN (FLASH)
                0x08080000                        __FLASH_segment_end__ = (ORIGIN (FLASH) + LENGTH (FLASH))
                0x00010000                        __privileged_functions_region_size__ = 0x10000
                0x08010000                        __privileged_functions_end__ = (__FLASH_segment_start__ + __privileged_functions_region_size__)
                0x20000000                        __SRAM_segment_start__ = ORIGIN (RAM)
                0x20020000                        __SRAM_segment_end__ = (ORIGIN (RAM) + LENGTH (RAM))
                0x00008000                        __privileged_data_region_size__ = 0x8000
                0x20000000                        __privileged_data_start__ = ORIGIN (RAM)
                0x20010000                        __privileged_data_end__ = (__privileged_data_start__ + __privileged_functions_region_size__)

.privileged_functions
                0x08000000     0x3450
                0x08000000                        . = ALIGN (0x4)
 *(.isr_vector)
 .isr_vector    0x08000000      0x198 build/debug/startup_stm32f411xe.o
                0x08000000                g_pfnVectors
                0x08000198                        . = ALIGN (0x4)
 *(privileged_functions)
 privileged_functions
                0x08000198      0x37a build/debug/event_groups.o
                0x080001b2                xEventGroupCreateStatic
                0x080001f8                xEventGroupWaitBits
                0x08000302                xEventGroupClearBits
                0x08000348                xEventGroupSetBits
                0x080003d6                xEventGroupSync
                0x080004ae                xEventGroupGetBitsFromISR
                0x080004ca                vEventGroupDelete
                0x08000502                vEventGroupSetBitsCallback
                0x0800050a                vEventGroupClearBitsCallback
 *fill*         0x08000512        0xe 
 privileged_functions
                0x08000520      0x498 build/debug/port.o
                0x080006b8                pxPortInitialiseStack
                0x080006f4                vPortEndScheduler
                0x08000718                vPortStoreTaskMPUSettings
                0x080007f0                PendSV_Handler
                0x08000884                SysTick_Handler
                0x080008b2                SVC_Handler
                0x080008c2                xPortStartScheduler
 privileged_functions
                0x080009b8      0xc8c build/debug/queue.o
                0x08000b08                xQueueGenericSend
                0x08000ca8                xQueuePeek
                0x08000e06                xQueuePeekFromISR
                0x08000e84                xQueueReceive
                0x08000fe2                uxQueueMessagesWaiting
                0x08001008                uxQueueSpacesAvailable
                0x08001032                xQueueGenericSendFromISR
                0x08001100                xQueueGiveFromISR
                0x080011b2                xQueueReceiveFromISR
                0x08001260                xQueueIsQueueEmptyFromISR
                0x08001280                xQueueIsQueueFullFromISR
                0x080012a4                uxQueueMessagesWaitingFromISR
                0x080012bc                xQueueSemaphoreTake
                0x08001462                vQueueAddToRegistry
                0x08001488                vQueueUnregisterQueue
                0x080014b4                vQueueDelete
                0x080014d0                pcQueueGetName
                0x080014f8                xQueueGenericReset
                0x08001598                xQueueGenericCreateStatic
                0x08001626                xQueueCreateMutexStatic
 privileged_functions
                0x08001644      0x824 build/debug/stream_buffer.o
                0x08001834                xStreamBufferReceive
                0x0800191e                xStreamBufferReceiveFromISR
                0x080019c0                vStreamBufferDelete
                0x08001a00                xStreamBufferIsEmpty
                0x08001a24                xStreamBufferReset
                0x08001a6e                xStreamBufferSpacesAvailable
                0x08001a98                xStreamBufferSend
                0x08001ba0                xStreamBufferSendFromISR
                0x08001c44                xStreamBufferIsFull
                0x08001c7c                xStreamBufferBytesAvailable
                0x08001c98                xStreamBufferSetTriggerLevel
                0x08001cc2                xStreamBufferSendCompletedFromISR
                0x08001d14                xStreamBufferReceiveCompletedFromISR
                0x08001d66                xStreamBufferGenericCreateStatic
                0x08001e0c                xStreamBufferNextMessageLengthBytes
 privileged_functions
                0x08001e68     0x15e8 build/debug/tasks.o
                0x08002140                xTaskCreateStatic
                0x080021b0                xTaskCreateRestrictedStatic
                0x08002208                vTaskAllocateMPURegions
                0x08002224                vTaskDelete
                0x08002300                uxTaskPriorityGet
                0x08002320                uxTaskPriorityGetFromISR
                0x08002350                vTaskPrioritySet
                0x08002438                vTaskResume
                0x080024c0                xTaskResumeFromISR
                0x08002568                vTaskStartScheduler
                0x080025e0                vTaskEndScheduler
                0x08002604                vTaskSuspendAll
                0x08002614                xTaskGetTickCount
                0x08002620                xTaskGetTickCountFromISR
                0x08002630                uxTaskGetNumberOfTasks
                0x0800263c                pcTaskGetName
                0x08002664                xTaskGenericNotify
                0x08002760                xTaskGenericNotifyFromISR
                0x0800288c                xTaskNotifyWait
                0x08002924                vTaskNotifyGiveFromISR
                0x080029f8                ulTaskNotifyTake
                0x08002a70                ulTaskNotifyValueClear
                0x08002a9c                vTaskSetTimeOutState
                0x08002ad4                xTaskIncrementTick
                0x08002bf0                xTaskResumeAll
                0x08002ce8                vTaskDelay
                0x08002d34                vTaskDelayUntil
                0x08002dd8                vTaskPlaceOnEventList
                0x08002e08                vTaskPlaceOnUnorderedEventList
                0x08002e60                xTaskRemoveFromEventList
                0x08002eec                vTaskRemoveFromUnorderedEventList
                0x08002f78                vTaskSwitchContext
                0x08003010                vTaskSuspend
                0x080030fc                uxTaskResetEventItemValue
                0x08003114                xTaskGetCurrentTaskHandle
                0x08003120                vTaskMissedYield
                0x0800312c                xTaskGetSchedulerState
                0x0800314c                xTaskPriorityInherit
                0x080031f8                xTaskPriorityDisinherit
                0x080032ac                vTaskPriorityDisinheritAfterTimeout
                0x08003360                xTaskCatchUpTicks
                0x08003398                pvTaskIncrementMutexHeldCount
                0x080033b4                vTaskInternalSetTimeOutState
                0x080033cc                xTaskCheckForTimeOut
                0x08003450                        . = ALIGN (0x4)
 FILL mask 0xdead

.text           0x08003450     0x29f0
                0x08003450                        . = ALIGN (0x4)
                0x08003450                        __syscalls_flash_start__ = .
 *(freertos_system_calls)
 freertos_system_calls
                0x08003450      0x6bc build/debug/mpu_wrappers.o
                0x08003450                xPortRaisePrivilege
                0x0800345e                MPU_xTaskCreateStatic
                0x0800349a                MPU_xTaskCreateRestrictedStatic
                0x080034ba                MPU_vTaskAllocateMPURegions
                0x080034d6                MPU_vTaskDelete
                0x080034ee                MPU_vTaskDelay
                0x08003506                MPU_vTaskDelayUntil
                0x08003522                MPU_uxTaskPriorityGet
                0x0800353e                MPU_vTaskPrioritySet
                0x0800355a                MPU_vTaskSuspend
                0x08003572                MPU_vTaskResume
                0x0800358a                MPU_vTaskSuspendAll
                0x0800359e                MPU_xTaskResumeAll
                0x080035b6                MPU_xTaskGetTickCount
                0x080035ce                MPU_uxTaskGetNumberOfTasks
                0x080035e6                MPU_pcTaskGetName
                0x08003602                MPU_xTaskGenericNotify
                0x0800362e                MPU_xTaskNotifyWait
                0x0800365a                MPU_ulTaskNotifyTake
                0x0800367a                MPU_xTaskNotifyStateClear
                0x08003696                MPU_ulTaskNotifyValueClear
                0x080036b6                MPU_vTaskSetTimeOutState
                0x080036ce                MPU_xTaskCheckForTimeOut
                0x080036ee                MPU_xTaskGetSchedulerState
                0x08003706                MPU_xTaskCatchUpTicks
                0x08003722                MPU_xQueueGenericSend
                0x0800374e                MPU_xQueueReceive
                0x08003772                MPU_xQueuePeek
                0x08003796                MPU_xQueueSemaphoreTake
                0x080037b6                MPU_uxQueueMessagesWaiting
                0x080037d2                MPU_uxQueueSpacesAvailable
                0x080037ee                MPU_vQueueDelete
                0x08003806                MPU_xQueueCreateMutexStatic
                0x08003826                MPU_vQueueAddToRegistry
                0x08003842                MPU_vQueueUnregisterQueue
                0x0800385a                MPU_pcQueueGetName
                0x08003876                MPU_xQueueGenericCreateStatic
                0x080038ac                MPU_xQueueGenericReset
                0x080038cc                MPU_xEventGroupCreateStatic
                0x080038e8                MPU_xEventGroupWaitBits
                0x0800391c                MPU_xEventGroupClearBits
                0x0800393c                MPU_xEventGroupSetBits
                0x0800395c                MPU_xEventGroupSync
                0x08003988                MPU_vEventGroupDelete
                0x080039a0                MPU_xStreamBufferSend
                0x080039cc                MPU_xStreamBufferReceive
                0x080039f8                MPU_xStreamBufferNextMessageLengthBytes
                0x08003a14                MPU_vStreamBufferDelete
                0x08003a2c                MPU_xStreamBufferIsFull
                0x08003a48                MPU_xStreamBufferIsEmpty
                0x08003a64                MPU_xStreamBufferReset
                0x08003a80                MPU_xStreamBufferSpacesAvailable
                0x08003a9c                MPU_xStreamBufferBytesAvailable
                0x08003ab8                MPU_xStreamBufferSetTriggerLevel
                0x08003ad8                MPU_xStreamBufferGenericCreateStatic
                0x08003b0c                        __syscalls_flash_end__ = .
 *(.text)
 .text          0x08003b0c       0x88 /usr/lib/gcc/arm-none-eabi/12.2.1/thumb/v7e-m+fp/hard/crtbegin.o
 .text          0x08003b94       0x50 /usr/lib/gcc/arm-none-eabi/12.2.1/../../../arm-none-eabi/lib/thumb/v7e-m+fp/hard/libc_nano.a(lib_a-init.o)
                0x08003b94                __libc_init_array
 .text          0x08003be4      0x134 /usr/lib/gcc/arm-none-eabi/12.2.1/../../../arm-none-eabi/lib/thumb/v7e-m+fp/hard/libc_nano.a(lib_a-memcpy.o)
                0x08003be4                memcpy
 .text          0x08003d18       0xa4 /usr/lib/gcc/arm-none-eabi/12.2.1/../../../arm-none-eabi/lib/thumb/v7e-m+fp/hard/libc_nano.a(lib_a-memset.o)
                0x08003d18                memset
 .text          0x08003dbc       0x30 /usr/lib/gcc/arm-none-eabi/12.2.1/thumb/v7e-m+fp/hard/libgcc.a(_aeabi_uldivmod.o)
                0x08003dbc                __aeabi_uldivmod
 .text          0x08003dec      0x2bc /usr/lib/gcc/arm-none-eabi/12.2.1/thumb/v7e-m+fp/hard/libgcc.a(_udivmoddi4.o)
                0x08003dec                __udivmoddi4
 .text          0x080040a8        0x4 /usr/lib/gcc/arm-none-eabi/12.2.1/thumb/v7e-m+fp/hard/libgcc.a(_dvmd_tls.o)
                0x080040a8                __aeabi_ldiv0
                0x080040a8                __aeabi_idiv0
 *(.text*)
 .text.MX_ADC1_Init
                0x080040ac       0x78 build/debug/adc.o
                0x080040ac                MX_ADC1_Init
 .text.HAL_ADC_MspInit
                0x08004124       0x40 build/debug/adc.o
                0x08004124                HAL_ADC_MspInit
 .text.makeFreeRtosPriority
                0x08004164        0xc build/debug/cmsis_os.o
 .text.osKernelStart
                0x08004170        0xa build/debug/cmsis_os.o
                0x08004170                osKernelStart
 .text.osThreadCreate
                0x0800417a       0x36 build/debug/cmsis_os.o
                0x0800417a                osThreadCreate
 .text.osDelay  0x080041b0        0xe build/debug/cmsis_os.o
                0x080041b0                osDelay
 .text.StartDefaultTask
                0x080041be        0xa build/debug/freertos.o
                0x080041be                StartDefaultTask
 .text.vApplicationGetIdleTaskMemory
                0x080041c8       0x18 build/debug/freertos.o
                0x080041c8                vApplicationGetIdleTaskMemory
 .text.MX_FREERTOS_Init
                0x080041e0       0x30 build/debug/freertos.o
                0x080041e0                MX_FREERTOS_Init
 .text.MX_GPIO_Init
                0x08004210       0xa8 build/debug/gpio.o
                0x08004210                MX_GPIO_Init
 .text.MX_IWDG_Init
                0x080042b8       0x28 build/debug/iwdg.o
                0x080042b8                MX_IWDG_Init
 .text.vListInitialise
                0x080042e0       0x16 build/debug/list.o
                0x080042e0                vListInitialise
 .text.vListInitialiseItem
                0x080042f6        0x6 build/debug/list.o
                0x080042f6                vListInitialiseItem
 .text.vListInsertEnd
                0x080042fc       0x16 build/debug/list.o
                0x080042fc                vListInsertEnd
 .text.vListInsert
                0x08004312       0x32 build/debug/list.o
                0x08004312                vListInsert
 .text.uxListRemove
                0x08004344       0x26 build/debug/list.o
                0x08004344                uxListRemove
 *fill*         0x0800436a        0x2 
 .text.blink_task
                0x0800436c       0x18 build/debug/main.o
                0x0800436c                blink_task
 .text.deadline_monitor_task
                0x08004384       0x20 build/debug/main.o
                0x08004384                deadline_monitor_task
 .text.HAL_TIM_PeriodElapsedCallback
                0x080043a4       0x18 build/debug/main.o
                0x080043a4                HAL_TIM_PeriodElapsedCallback
 .text.Error_Handler
                0x080043bc        0x4 build/debug/main.o
                0x080043bc                Error_Handler
 .text.SystemClock_Config
                0x080043c0       0xa8 build/debug/main.o
                0x080043c0                SystemClock_Config
 .text.main     0x08004468       0x44 build/debug/main.o
                0x08004468                main
 .text.vPortResetPrivilege
                0x080044ac        0xe build/debug/mpu_wrappers.o
                0x080044ac                vPortResetPrivilege
 *fill*         0x080044ba        0x2 
 .text.vPortEnableVFP
                0x080044bc       0x14 build/debug/port.o
 .text.vPortEnterCritical
                0x080044d0       0x28 build/debug/port.o
                0x080044d0                vPortEnterCritical
 .text.vPortExitCritical
                0x080044f8       0x34 build/debug/port.o
                0x080044f8                vPortExitCritical
 .text.vPortSetupTimerInterrupt
                0x0800452c       0x28 build/debug/port.o
                0x0800452c                vPortSetupTimerInterrupt
 *fill*         0x08004554        0xc 
 .text.xIsPrivileged
                0x08004560       0x10 build/debug/port.o
                0x08004560                xIsPrivileged
 .text.vResetPrivilege
                0x08004570        0xe build/debug/port.o
                0x08004570                vResetPrivilege
 *fill*         0x0800457e        0x2 
 .text.vPortValidateInterruptPriority
                0x08004580       0x5c build/debug/port.o
                0x08004580                vPortValidateInterruptPriority
 .text.HAL_Init
                0x080045dc       0x34 build/debug/stm32f4xx_hal.o
                0x080045dc                HAL_Init
 .text.HAL_IncTick
                0x08004610       0x18 build/debug/stm32f4xx_hal.o
                0x08004610                HAL_IncTick
 .text.HAL_GetTick
                0x08004628        0xc build/debug/stm32f4xx_hal.o
                0x08004628                HAL_GetTick
 .text.ADC_Init
                0x08004634      0x134 build/debug/stm32f4xx_hal_adc.o
 .text.HAL_ADC_Init
                0x08004768       0x56 build/debug/stm32f4xx_hal_adc.o
                0x08004768                HAL_ADC_Init
 .text.HAL_ADC_ConvCpltCallback
                0x080047be        0x2 build/debug/stm32f4xx_hal_adc.o
                0x080047be                HAL_ADC_ConvCpltCallback
 .text.HAL_ADC_LevelOutOfWindowCallback
                0x080047c0        0x2 build/debug/stm32f4xx_hal_adc.o
                0x080047c0                HAL_ADC_LevelOutOfWindowCallback
 .text.HAL_ADC_ErrorCallback
                0x080047c2        0x2 build/debug/stm32f4xx_hal_adc.o
                0x080047c2                HAL_ADC_ErrorCallback
 .text.HAL_ADC_IRQHandler
                0x080047c4      0x142 build/debug/stm32f4xx_hal_adc.o
                0x080047c4                HAL_ADC_IRQHandler
 *fill*         0x08004906        0x2 
 .text.HAL_ADC_ConfigChannel
                0x08004908      0x1ac build/debug/stm32f4xx_hal_adc.o
                0x08004908                HAL_ADC_ConfigChannel
 .text.HAL_ADCEx_InjectedConvCpltCallback
                0x08004ab4        0x2 build/debug/stm32f4xx_hal_adc_ex.o
                0x08004ab4                HAL_ADCEx_InjectedConvCpltCallback
 *fill*         0x08004ab6        0x2 
 .text.__NVIC_EnableIRQ
                0x08004ab8       0x1c build/debug/stm32f4xx_hal_cortex.o
 .text.__NVIC_SetPriority
                0x08004ad4       0x28 build/debug/stm32f4xx_hal_cortex.o
 .text.NVIC_EncodePriority
                0x08004afc       0x3e build/debug/stm32f4xx_hal_cortex.o
 *fill*         0x08004b3a        0x2 
 .text.HAL_NVIC_SetPriorityGrouping
                0x08004b3c       0x24 build/debug/stm32f4xx_hal_cortex.o
                0x08004b3c                HAL_NVIC_SetPriorityGrouping
 .text.HAL_NVIC_SetPriority
                0x08004b60       0x20 build/debug/stm32f4xx_hal_cortex.o
                0x08004b60                HAL_NVIC_SetPriority
 .text.HAL_NVIC_EnableIRQ
                0x08004b80        0x8 build/debug/stm32f4xx_hal_cortex.o
                0x08004b80                HAL_NVIC_EnableIRQ
 .text.HAL_GPIO_Init
                0x08004b88      0x1c8 build/debug/stm32f4xx_hal_gpio.o
                0x08004b88                HAL_GPIO_Init
 .text.HAL_GPIO_WritePin
                0x08004d50        0xc build/debug/stm32f4xx_hal_gpio.o
                0x08004d50                HAL_GPIO_WritePin
 .text.HAL_GPIO_TogglePin
                0x08004d5c       0x12 build/debug/stm32f4xx_hal_gpio.o
                0x08004d5c                HAL_GPIO_TogglePin
 .text.HAL_IWDG_Init
                0x08004d6e       0x5c build/debug/stm32f4xx_hal_iwdg.o
                0x08004d6e                HAL_IWDG_Init
 .text.HAL_IWDG_Refresh
                0x08004dca        0xc build/debug/stm32f4xx_hal_iwdg.o
                0x08004dca                HAL_IWDG_Refresh
 *fill*         0x08004dd6        0x2 
 .text.HAL_MspInit
                0x08004dd8       0x44 build/debug/stm32f4xx_hal_msp.o
                0x08004dd8                HAL_MspInit
 .text.HAL_RCC_OscConfig
                0x08004e1c      0x3f8 build/debug/stm32f4xx_hal_rcc.o
                0x08004e1c                HAL_RCC_OscConfig
 .text.HAL_RCC_GetSysClockFreq
                0x08005214       0xdc build/debug/stm32f4xx_hal_rcc.o
                0x08005214                HAL_RCC_GetSysClockFreq
 .text.HAL_RCC_ClockConfig
                0x080052f0      0x160 build/debug/stm32f4xx_hal_rcc.o
                0x080052f0                HAL_RCC_ClockConfig
 .text.HAL_RCC_GetHCLKFreq
                0x08005450        0xc build/debug/stm32f4xx_hal_rcc.o
                0x08005450                HAL_RCC_GetHCLKFreq
 .text.HAL_RCC_GetPCLK1Freq
                0x0800545c       0x20 build/debug/stm32f4xx_hal_rcc.o
                0x0800545c                HAL_RCC_GetPCLK1Freq
 .text.HAL_RCC_GetPCLK2Freq
                0x0800547c       0x20 build/debug/stm32f4xx_hal_rcc.o
                0x0800547c                HAL_RCC_GetPCLK2Freq
 .text.HAL_RCC_GetClockConfig
                0x0800549c       0x3c build/debug/stm32f4xx_hal_rcc.o
                0x0800549c                HAL_RCC_GetClockConfig
 .text.TIM_TI1_ConfigInputStage
                0x080054d8       0x26 build/debug/stm32f4xx_hal_tim.o
 .text.TIM_TI2_ConfigInputStage
                0x080054fe       0x28 build/debug/stm32f4xx_hal_tim.o
 .text.TIM_ITRx_SetConfig
                0x08005526       0x10 build/debug/stm32f4xx_hal_tim.o
 *fill*         0x08005536        0x2 
 .text.HAL_TIM_Base_Start_IT
                0x08005538       0x78 build/debug/stm32f4xx_hal_tim.o
                0x08005538                HAL_TIM_Base_Start_IT
 .text.HAL_TIM_OC_DelayElapsedCallback
                0x080055b0        0x2 build/debug/stm32f4xx_hal_tim.o
                0x080055b0                HAL_TIM_OC_DelayElapsedCallback
 .text.HAL_TIM_IC_CaptureCallback
                0x080055b2        0x2 build/debug/stm32f4xx_hal_tim.o
                0x080055b2                HAL_TIM_IC_CaptureCallback
 .text.HAL_TIM_PWM_PulseFinishedCallback
                0x080055b4        0x2 build/debug/stm32f4xx_hal_tim.o
                0x080055b4                HAL_TIM_PWM_PulseFinishedCallback
 .text.HAL_TIM_TriggerCallback
                0x080055b6        0x2 build/debug/stm32f4xx_hal_tim.o
                0x080055b6                HAL_TIM_TriggerCallback
 .text.HAL_TIM_IRQHandler
                0x080055b8      0x15e build/debug/stm32f4xx_hal_tim.o
                0x080055b8                HAL_TIM_IRQHandler
 *fill*         0x08005716        0x2 
 .text.TIM_Base_SetConfig
                0x08005718       0xa4 build/debug/stm32f4xx_hal_tim.o
                0x08005718                TIM_Base_SetConfig
 .text.HAL_TIM_Base_Init
                0x080057bc       0x58 build/debug/stm32f4xx_hal_tim.o
                0x080057bc                HAL_TIM_Base_Init
 .text.TIM_ETR_SetConfig
                0x08005814       0x1a build/debug/stm32f4xx_hal_tim.o
                0x08005814                TIM_ETR_SetConfig
 .text.HAL_TIM_ConfigClockSource
                0x0800582e       0xfe build/debug/stm32f4xx_hal_tim.o
                0x0800582e                HAL_TIM_ConfigClockSource
 .text.HAL_TIMEx_MasterConfigSynchronization
                0x0800592c       0x7c build/debug/stm32f4xx_hal_tim_ex.o
                0x0800592c                HAL_TIMEx_MasterConfigSynchronization
 .text.HAL_TIMEx_CommutCallback
                0x080059a8        0x2 build/debug/stm32f4xx_hal_tim_ex.o
                0x080059a8                HAL_TIMEx_CommutCallback
 .text.HAL_TIMEx_BreakCallback
                0x080059aa        0x2 build/debug/stm32f4xx_hal_tim_ex.o
                0x080059aa                HAL_TIMEx_BreakCallback
 .text.HAL_InitTick
                0x080059ac       0x94 build/debug/stm32f4xx_hal_timebase_tim.o
                0x080059ac                HAL_InitTick
 .text.UART_SetConfig
                0x08005a40      0x110 build/debug/stm32f4xx_hal_uart.o
 .text.HAL_UART_Init
                0x08005b50       0x60 build/debug/stm32f4xx_hal_uart.o
                0x08005b50                HAL_UART_Init
 .text.NMI_Handler
                0x08005bb0        0x2 build/debug/stm32f4xx_it.o
                0x08005bb0                NMI_Handler
 .text.HardFault_Handler
                0x08005bb2        0x2 build/debug/stm32f4xx_it.o
                0x08005bb2                HardFault_Handler
 .text.MemManage_Handler
                0x08005bb4       0x28 build/debug/stm32f4xx_it.o
                0x08005bb4                MemManage_Handler
 .text.BusFault_Handler
                0x08005bdc        0x2 build/debug/stm32f4xx_it.o
                0x08005bdc                BusFault_Handler
 .text.UsageFault_Handler
                0x08005bde        0x2 build/debug/stm32f4xx_it.o
                0x08005bde                UsageFault_Handler
 .text.DebugMon_Handler
                0x08005be0        0x2 build/debug/stm32f4xx_it.o
                0x08005be0                DebugMon_Handler
 *fill*         0x08005be2        0x2 
 .text.ADC_IRQHandler
                0x08005be4       0x10 build/debug/stm32f4xx_it.o
                0x08005be4                ADC_IRQHandler
 .text.TIM1_UP_TIM10_IRQHandler
                0x08005bf4       0x10 build/debug/stm32f4xx_it.o
                0x08005bf4                TIM1_UP_TIM10_IRQHandler
 .text.SystemInit
                0x08005c04       0x14 build/debug/system_stm32f4xx.o
                0x08005c04                SystemInit
 .text.prvResetNextTaskUnblockTime
                0x08005c18       0x2c build/debug/tasks.o
 .text.prvIdleTask
                0x08005c44       0x18 build/debug/tasks.o
 .text.xTaskNotifyStateClear
                0x08005c5c       0x34 build/debug/tasks.o
                0x08005c5c                xTaskNotifyStateClear
 .text.MX_TIM3_Init
                0x08005c90       0x70 build/debug/tim.o
                0x08005c90                MX_TIM3_Init
 .text.HAL_TIM_Base_MspInit
                0x08005d00       0x30 build/debug/tim.o
                0x08005d00                HAL_TIM_Base_MspInit
 .text.MX_USART2_UART_Init
                0x08005d30       0x34 build/debug/usart.o
                0x08005d30                MX_USART2_UART_Init
 .text.HAL_UART_MspInit
                0x08005d64       0x70 build/debug/usart.o
                0x08005d64                HAL_UART_MspInit
 .text.Reset_Handler
                0x08005dd4       0x50 build/debug/startup_stm32f411xe.o
                0x08005dd4                Reset_Handler
 .text.Default_Handler
                0x08005e24        0x2 build/debug/startup_stm32f411xe.o
                0x08005e24                RTC_Alarm_IRQHandler
                0x08005e24                EXTI2_IRQHandler
                0x08005e24                SPI4_IRQHandler
                0x08005e24                TIM1_CC_IRQHandler
                0x08005e24                DMA2_Stream5_IRQHandler
                0x08005e24                DMA1_Stream5_IRQHandler
                0x08005e24                PVD_IRQHandler
                0x08005e24                SDIO_IRQHandler
                0x08005e24                TAMP_STAMP_IRQHandler
                0x08005e24                EXTI3_IRQHandler
                0x08005e24                I2C3_ER_IRQHandler
                0x08005e24                EXTI0_IRQHandler
                0x08005e24                I2C2_EV_IRQHandler
                0x08005e24                DMA1_Stream2_IRQHandler
                0x08005e24                FPU_IRQHandler
                0x08005e24                DMA2_Stream2_IRQHandler
                0x08005e24                SPI1_IRQHandler
                0x08005e24                TIM1_BRK_TIM9_IRQHandler
                0x08005e24                DMA2_Stream3_IRQHandler
                0x08005e24                USART6_IRQHandler
                0x08005e24                DMA2_Stream0_IRQHandler
                0x08005e24                TIM4_IRQHandler
                0x08005e24                I2C1_EV_IRQHandler
                0x08005e24                DMA1_Stream6_IRQHandler
                0x08005e24                DMA1_Stream1_IRQHandler
                0x08005e24                TIM3_IRQHandler
                0x08005e24                RCC_IRQHandler
                0x08005e24                Default_Handler
                0x08005e24                EXTI15_10_IRQHandler
                0x08005e24                DMA1_Stream7_IRQHandler
                0x08005e24                SPI5_IRQHandler
                0x08005e24                TIM5_IRQHandler
                0x08005e24                DMA2_Stream7_IRQHandler
                0x08005e24                I2C3_EV_IRQHandler
                0x08005e24                EXTI9_5_IRQHandler
                0x08005e24                RTC_WKUP_IRQHandler
                0x08005e24                SPI2_IRQHandler
                0x08005e24                DMA1_Stream0_IRQHandler
                0x08005e24                EXTI4_IRQHandler
                0x08005e24                WWDG_IRQHandler
                0x08005e24                TIM2_IRQHandler
                0x08005e24                OTG_FS_WKUP_IRQHandler
                0x08005e24                TIM1_TRG_COM_TIM11_IRQHandler
                0x08005e24                EXTI1_IRQHandler
                0x08005e24                USART2_IRQHandler
                0x08005e24                I2C2_ER_IRQHandler
                0x08005e24                DMA2_Stream1_IRQHandler
                0x08005e24                FLASH_IRQHandler
                0x08005e24                DMA2_Stream4_IRQHandler
                0x08005e24                USART1_IRQHandler
                0x08005e24                OTG_FS_IRQHandler
                0x08005e24                SPI3_IRQHandler
                0x08005e24                DMA1_Stream4_IRQHandler
                0x08005e24                I2C1_ER_IRQHandler
                0x08005e24                DMA2_Stream6_IRQHandler
                0x08005e24                DMA1_Stream3_IRQHandler
 *(.glue_7)
 .glue_7        0x08005e26        0x0 linker stubs
 *(.glue_7t)
 .glue_7t       0x08005e26        0x0 linker stubs
 *(.eh_frame)
 *fill*         0x08005e26        0x2 
 .eh_frame      0x08005e28        0x0 /usr/lib/gcc/arm-none-eabi/12.2.1/thumb/v7e-m+fp/hard/crtbegin.o
 *(.init)
 .init          0x08005e28        0x4 /usr/lib/gcc/arm-none-eabi/12.2.1/thumb/v7e-m+fp/hard/crti.o
                0x08005e28                _init
 .init          0x08005e2c        0x8 /usr/lib/gcc/arm-none-eabi/12.2.1/thumb/v7e-m+fp/hard/crtn.o
 *(.fini)
 .fini          0x08005e34        0x4 /usr/lib/gcc/arm-none-eabi/12.2.1/thumb/v7e-m+fp/hard/crti.o
                0x08005e34                _fini
 .fini          0x08005e38        0x8 /usr/lib/gcc/arm-none-eabi/12.2.1/thumb/v7e-m+fp/hard/crtn.o
                0x08005e40                        . = ALIGN (0x4)
                0x08005e40                        _etext = .

.vfp11_veneer   0x08005e40        0x0
 .vfp11_veneer  0x08005e40        0x0 linker stubs

.v4_bx          0x08005e40        0x0
 .v4_bx         0x08005e40        0x0 linker stubs

.iplt           0x08005e40        0x0
 .iplt          0x08005e40        0x0 /usr/lib/gcc/arm-none-eabi/12.2.1/thumb/v7e-m+fp/hard/crtbegin.o

.rodata         0x08005e40       0x60
                0x08005e40                        . = ALIGN (0x4)
 *(.rodata)
 .rodata        0x08005e40       0x1c build/debug/freertos.o
 *(.rodata*)
 .rodata.str1.4
                0x08005e5c        0xc build/debug/freertos.o
 .rodata.str1.4
                0x08005e68       0x16 build/debug/main.o
 *fill*         0x08005e7e        0x2 
 .rodata.APBPrescTable
                0x08005e80        0x8 build/debug/system_stm32f4xx.o
                0x08005e80                APBPrescTable
 .rodata.AHBPrescTable
                0x08005e88       0x10 build/debug/system_stm32f4xx.o
                0x08005e88                AHBPrescTable
 .rodata.str1.4
                0x08005e98        0x5 build/debug/tasks.o
                0x08005ea0                        . = ALIGN (0x4)
 *fill*         0x08005e9d        0x3 

.ARM.extab      0x08005ea0        0x0
                0x08005ea0                        . = ALIGN (0x4)
 *(.ARM.extab* .gnu.linkonce.armextab.*)
                0x08005ea0                        . = ALIGN (0x4)

.ARM            0x08005ea0        0x8
                0x08005ea0                        . = ALIGN (0x4)
                0x08005ea0                        __exidx_start = .
 *(.ARM.exidx*)
 .ARM.exidx     0x08005ea0        0x8 /usr/lib/gcc/arm-none-eabi/12.2.1/thumb/v7e-m+fp/hard/libgcc.a(_udivmoddi4.o)
                0x08005ea8                        __exidx_end = .
                0x08005ea8                        . = ALIGN (0x4)

.preinit_array  0x08005ea8        0x0
                0x08005ea8                        . = ALIGN (0x4)
                0x08005ea8                        PROVIDE (__preinit_array_start = .)
 *(.preinit_array*)
                0x08005ea8                        PROVIDE (__preinit_array_end = .)
                0x08005ea8                        . = ALIGN (0x4)

.init_array     0x08005ea8        0x4
                0x08005ea8                        . = ALIGN (0x4)
                0x08005ea8                        PROVIDE (__init_array_start = .)
 *(SORT_BY_NAME(.init_array.*))
 *(.init_array*)
 .init_array    0x08005ea8        0x4 /usr/lib/gcc/arm-none-eabi/12.2.1/thumb/v7e-m+fp/hard/crtbegin.o
                0x08005eac                        PROVIDE (__init_array_end = .)
                0x08005eac                        . = ALIGN (0x4)

.fini_array     0x08005eac        0x4
                0x08005eac                        . = ALIGN (0x4)
                0x08005eac                        PROVIDE (__fini_array_start = .)
 *(SORT_BY_NAME(.fini_array.*))
 *(.fini_array*)
 .fini_array    0x08005eac        0x4 /usr/lib/gcc/arm-none-eabi/12.2.1/thumb/v7e-m+fp/hard/crtbegin.o
                0x08005eb0                        PROVIDE (__fini_array_end = .)
                0x08005eb0                        . = ALIGN (0x4)
                0x08005eb0                        _sidata = LOADADDR (.privileged_data)

.rel.dyn        0x08005eb0        0x0
 .rel.iplt      0x08005eb0        0x0 /usr/lib/gcc/arm-none-eabi/12.2.1/thumb/v7e-m+fp/hard/crtbegin.o

.privileged_data
                0x20000000      0x16c load address 0x08005eb0
                0x20000000                        . = ALIGN (0x4)
                0x20000000                        _sdata = .
 *(privileged_data)
 privileged_data
                0x20000000       0x40 build/debug/queue.o
                0x20000000                xQueueRegistry
 privileged_data
                0x20000040      0x12c build/debug/tasks.o
                0x20000168                pxCurrentTCB
                0x2000016c                        . = ALIGN (0x4)
 FILL mask 0xdead

.data           0x2000016c       0x90 load address 0x0800601c
                0x2000016c                        . = ALIGN (0x4)
 *(.data)
 *(.data*)
 .data.deadline_monitor_task_parameters
                0x2000016c       0x40 build/debug/main.o
                0x2000016c                deadline_monitor_task_parameters
 .data.blink_task_parameters
                0x200001ac       0x40 build/debug/main.o
                0x200001ac                blink_task_parameters
 .data.uxCriticalNesting
                0x200001ec        0x4 build/debug/port.o
 .data.uwTickFreq
                0x200001f0        0x1 build/debug/stm32f4xx_hal.o
                0x200001f0                uwTickFreq
 *fill*         0x200001f1        0x3 
 .data.uwTickPrio
                0x200001f4        0x4 build/debug/stm32f4xx_hal.o
                0x200001f4                uwTickPrio
 .data.SystemCoreClock
                0x200001f8        0x4 build/debug/system_stm32f4xx.o
                0x200001f8                SystemCoreClock
 *(.RamFunc)
 *(.RamFunc*)
                0x200001fc                        . = ALIGN (0x4)
                0x200001fc                        _edata = .

.tm_clone_table
                0x200001fc        0x0 load address 0x080060ac
 .tm_clone_table
                0x200001fc        0x0 /usr/lib/gcc/arm-none-eabi/12.2.1/thumb/v7e-m+fp/hard/crtbegin.o
 .tm_clone_table
                0x200001fc        0x0 /usr/lib/gcc/arm-none-eabi/12.2.1/thumb/v7e-m+fp/hard/crtend.o

.igot.plt       0x200001fc        0x0 load address 0x080060ac
 .igot.plt      0x200001fc        0x0 /usr/lib/gcc/arm-none-eabi/12.2.1/thumb/v7e-m+fp/hard/crtbegin.o
                0x200001fc                        . = ALIGN (0x4)

.bss            0x20000400     0x14e4 load address 0x080060ac
                0x20000400                        _sbss = .
                0x20000400                        __bss_start__ = _sbss
 *(.bss)
 .bss           0x20000400       0x1c /usr/lib/gcc/arm-none-eabi/12.2.1/thumb/v7e-m+fp/hard/crtbegin.o
 *(.bss*)
 .bss.hadc1     0x2000041c       0x48 build/debug/adc.o
                0x2000041c                hadc1
 .bss.xIdleStack
                0x20000464      0x400 build/debug/freertos.o
 .bss.xIdleTaskTCBBuffer
                0x20000864       0x74 build/debug/freertos.o
 .bss.defaultTaskControlBlock
                0x200008d8       0x74 build/debug/freertos.o
                0x200008d8                defaultTaskControlBlock
 .bss.defaultTaskBuffer
                0x2000094c      0x200 build/debug/freertos.o
                0x2000094c                defaultTaskBuffer
 .bss.defaultTaskHandle
                0x20000b4c        0x4 build/debug/freertos.o
                0x20000b4c                defaultTaskHandle
 .bss.hiwdg     0x20000b50        0xc build/debug/iwdg.o
                0x20000b50                hiwdg
 .bss.deadline_monitor_task_TCB
                0x20000b5c       0x74 build/debug/main.o
                0x20000b5c                deadline_monitor_task_TCB
 *fill*         0x20000bd0       0x30 
 .bss.deadline_monitor_task_stack
                0x20000c00      0x400 build/debug/main.o
                0x20000c00                deadline_monitor_task_stack
 .bss.blink_task_TCB
                0x20001000       0x74 build/debug/main.o
                0x20001000                blink_task_TCB
 *fill*         0x20001074      0x38c 
 .bss.bkink_task_stack
                0x20001400      0x400 build/debug/main.o
                0x20001400                bkink_task_stack
 .bss.ulMaxPRIGROUPValue
                0x20001800        0x4 build/debug/port.o
 .bss.ucMaxSysCallPriority
                0x20001804        0x1 build/debug/port.o
 *fill*         0x20001805        0x3 
 .bss.uwTick    0x20001808        0x4 build/debug/stm32f4xx_hal.o
                0x20001808                uwTick
 .bss.htim1     0x2000180c       0x48 build/debug/stm32f4xx_hal_timebase_tim.o
                0x2000180c                htim1
 .bss.htim3     0x20001854       0x48 build/debug/tim.o
                0x20001854                htim3
 .bss.huart2    0x2000189c       0x48 build/debug/usart.o
                0x2000189c                huart2
 *(COMMON)
                0x200018e4                        . = ALIGN (0x4)
                0x200018e4                        _ebss = .
                0x200018e4                        __bss_end__ = _ebss

.ipc_region     0x2001f000        0x0
                0x2001f000                        . = ALIGN (0x4)
                0x2001f000                        __ipc_region_start__ = .
 *(.ipc_region)
 *(.ipc_region*)
                0x2001f000                        . = ALIGN (0x4)
                0x2001f000                        __ipc_region_end__ = .

._user_heap_stack
                0x200018e4      0x604
                0x200018e8                        . = ALIGN (0x8)
 *fill*         0x200018e4        0x4 
                [!provide]                        PROVIDE (end = .)
                0x200018e8                        PROVIDE (_end = .)
                0x20001ae8                        . = (. + _Min_Heap_Size)
 *fill*         0x200018e8      0x200 
                0x20001ee8                        . = (. + _Min_Stack_Size)
 *fill*         0x20001ae8      0x400 
                0x20001ee8                        . = ALIGN (0x8)

/DISCARD/
 libc.a(*)
 libm.a(*)
 libgcc.a(*)
OUTPUT(build/debug/ECU-Sim.elf elf32-littlearm)
LOAD linker stubs
LOAD /usr/lib/gcc/arm-none-eabi/12.2.1/../../../arm-none-eabi/lib/thumb/v7e-m+fp/hard/libc.a
LOAD /usr/lib/gcc/arm-none-eabi/12.2.1/../../../arm-none-eabi/lib/thumb/v7e-m+fp/hard/libm.a
LOAD /usr/lib/gcc/arm-none-eabi/12.2.1/thumb/v7e-m+fp/hard/libgcc.a

.ARM.attributes
                0x00000000       0x30
 .ARM.attributes
                0x00000000       0x22 /usr/lib/gcc/arm-none-eabi/12.2.1/thumb/v7e-m+fp/hard/crti.o
 .ARM.attributes
                0x00000022       0x34 /usr/lib/gcc/arm-none-eabi/12.2.1/thumb/v7e-m+fp/hard/crtbegin.o
 .ARM.attributes
                0x00000056       0x34 build/debug/adc.o
 .ARM.attributes
                0x0000008a       0x34 build/debug/cmsis_os.o
 .ARM.attributes
                0x000000be       0x34 build/debug/event_groups.o
 .ARM.attributes
                0x000000f2       0x34 build/debug/freertos.o
 .ARM.attributes
                0x00000126       0x34 build/debug/gpio.o
 .ARM.attributes
                0x0000015a       0x34 build/debug/iwdg.o
 .ARM.attributes
                0x0000018e       0x34 build/debug/list.o
 .ARM.attributes
                0x000001c2       0x34 build/debug/main.o
 .ARM.attributes
                0x000001f6       0x34 build/debug/mpu_wrappers.o
 .ARM.attributes
                0x0000022a       0x34 build/debug/port.o
 .ARM.attributes
                0x0000025e       0x34 build/debug/queue.o
 .ARM.attributes
                0x00000292       0x34 build/debug/stm32f4xx_hal.o
 .ARM.attributes
                0x000002c6       0x34 build/debug/stm32f4xx_hal_adc.o
 .ARM.attributes
                0x000002fa       0x34 build/debug/stm32f4xx_hal_adc_ex.o
 .ARM.attributes
                0x0000032e       0x34 build/debug/stm32f4xx_hal_cortex.o
 .ARM.attributes
                0x00000362       0x34 build/debug/stm32f4xx_hal_gpio.o
 .ARM.attributes
                0x00000396       0x34 build/debug/stm32f4xx_hal_iwdg.o
 .ARM.attributes
                0x000003ca       0x34 build/debug/stm32f4xx_hal_msp.o
 .ARM.attributes
                0x000003fe       0x34 build/debug/stm32f4xx_hal_rcc.o
 .ARM.attributes
                0x00000432       0x34 build/debug/stm32f4xx_hal_tim.o
 .ARM.attributes
                0x00000466       0x34 build/debug/stm32f4xx_hal_tim_ex.o
 .ARM.attributes
                0x0000049a       0x34 build/debug/stm32f4xx_hal_timebase_tim.o
 .ARM.attributes
                0x000004ce       0x34 build/debug/stm32f4xx_hal_uart.o
 .ARM.attributes
                0x00000502       0x34 build/debug/stm32f4xx_it.o
 .ARM.attributes
                0x00000536       0x34 build/debug/stream_buffer.o
 .ARM.attributes
                0x0000056a       0x34 build/debug/system_stm32f4xx.o
 .ARM.attributes
                0x0000059e       0x34 build/debug/tasks.o
 .ARM.attributes
                0x000005d2       0x34 build/debug/tim.o
 .ARM.attributes
                0x00000606       0x34 build/debug/usart.o
 .ARM.attributes
                0x0000063a       0x21 build/debug/startup_stm32f411xe.o
 .ARM.attributes
                0x0000065b       0x34 /usr/lib/gcc/arm-none-eabi/12.2.1/../../../arm-none-eabi/lib/thumb/v7e-m+fp/hard/libc_nano.a(lib_a-init.o)
 .ARM.attributes
                0x0000068f       0x20 /usr/lib/gcc/arm-none-eabi/12.2.1/../../../arm-none-eabi/lib/thumb/v7e-m+fp/hard/libc_nano.a(lib_a-memcpy.o)
 .ARM.attributes
                0x000006af       0x34 /usr/lib/gcc/arm-none-eabi/12.2.1/../../../arm-none-eabi/lib/thumb/v7e-m+fp/hard/libc_nano.a(lib_a-memset.o)
 .ARM.attributes
                0x000006e3       0x22 /usr/lib/gcc/arm-none-eabi/12.2.1/thumb/v7e-m+fp/hard/libgcc.a(_aeabi_uldivmod.o)
 .ARM.attributes
                0x00000705       0x34 /usr/lib/gcc/arm-none-eabi/12.2.1/thumb/v7e-m+fp/hard/libgcc.a(_udivmoddi4.o)
 .ARM.attributes
                0x00000739       0x22 /usr/lib/gcc/arm-none-eabi/12.2.1/thumb/v7e-m+fp/hard/libgcc.a(_dvmd_tls.o)
 .ARM.attributes
                0x0000075b       0x34 /usr/lib/gcc/arm-none-eabi/12.2.1/thumb/v7e-m+fp/hard/crtend.o
 .ARM.attributes
                0x0000078f       0x22 /usr/lib/gcc/arm-none-eabi/12.2.1/thumb/v7e-m+fp/hard/crtn.o

.comment        0x00000000       0x26
 .comment       0x00000000       0x26 /usr/lib/gcc/arm-none-eabi/12.2.1/thumb/v7e-m+fp/hard/crtbegin.o
                                 0x27 (size before relaxing)
 .comment       0x00000026       0x27 build/debug/adc.o
 .comment       0x00000026       0x27 build/debug/cmsis_os.o
 .comment       0x00000026       0x27 build/debug/event_groups.o
 .comment       0x00000026       0x27 build/debug/freertos.o
 .comment       0x00000026       0x27 build/debug/gpio.o
 .comment       0x00000026       0x27 build/debug/iwdg.o
 .comment       0x00000026       0x27 build/debug/list.o
 .comment       0x00000026       0x27 build/debug/main.o
 .comment       0x00000026       0x27 build/debug/mpu_wrappers.o
 .comment       0x00000026       0x27 build/debug/port.o
 .comment       0x00000026       0x27 build/debug/queue.o
 .comment       0x00000026       0x27 build/debug/stm32f4xx_hal.o
 .comment       0x00000026       0x27 build/debug/stm32f4xx_hal_adc.o
 .comment       0x00000026       0x27 build/debug/stm32f4xx_hal_adc_ex.o
 .comment       0x00000026       0x27 build/debug/stm32f4xx_hal_cortex.o
 .comment       0x00000026       0x27 build/debug/stm32f4xx_hal_gpio.o
 .comment       0x00000026       0x27 build/debug/stm32f4xx_hal_iwdg.o
 .comment       0x00000026       0x27 build/debug/stm32f4xx_hal_msp.o
 .comment       0x00000026       0x27 build/debug/stm32f4xx_hal_rcc.o
 .comment       0x00000026       0x27 build/debug/stm32f4xx_hal_tim.o
 .comment       0x00000026       0x27 build/debug/stm32f4xx_hal_tim_ex.o
 .comment       0x00000026       0x27 build/debug/stm32f4xx_hal_timebase_tim.o
 .comment       0x00000026       0x27 build/debug/stm32f4xx_hal_uart.o
 .comment       0x00000026       0x27 build/debug/stm32f4xx_it.o
 .comment       0x00000026       0x27 build/debug/stream_buffer.o
 .comment       0x00000026       0x27 build/debug/system_stm32f4xx.o
 .comment       0x00000026       0x27 build/debug/tasks.o
 .comment       0x00000026       0x27 build/debug/tim.o
 .comment       0x00000026       0x27 build/debug/usart.o
 .comment       0x00000026       0x27 /usr/lib/gcc/arm-none-eabi/12.2.1/../../../arm-none-eabi/lib/thumb/v7e-m+fp/hard/libc_nano.a(lib_a-init.o)
 .comment       0x00000026       0x27 /usr/lib/gcc/arm-none-eabi/12.2.1/../../../arm-none-eabi/lib/thumb/v7e-m+fp/hard/libc_nano.a(lib_a-memset.o)
 .comment       0x00000026       0x27 /usr/lib/gcc/arm-none-eabi/12.2.1/thumb/v7e-m+fp/hard/libgcc.a(_udivmoddi4.o)
 .comment       0x00000026       0x27 /usr/lib/gcc/arm-none-eabi/12.2.1/thumb/v7e-m+fp/hard/crtend.o

.debug_info     0x00000000    0x20d89
 .debug_info    0x00000000      0xab6 build/debug/adc.o
 .debug_info    0x00000ab6     0x21f4 build/debug/cmsis_os.o
 .debug_info    0x00002caa      0xc98 build/debug/event_groups.o
 .debug_info    0x00003942      0x545 build/debug/freertos.o
 .debug_info    0x00003e87      0x46e build/debug/gpio.o
 .debug_info    0x000042f5      0x1ca build/debug/iwdg.o
 .debug_info    0x000044bf      0x2b3 build/debug/list.o
 .debug_info    0x00004772     0x1299 build/debug/main.o
 .debug_info    0x00005a0b     0x2ba8 build/debug/mpu_wrappers.o
 .debug_info    0x000085b3      0x867 build/debug/port.o
 .debug_info    0x00008e1a     0x2083 build/debug/queue.o
 .debug_info    0x0000ae9d      0x956 build/debug/stm32f4xx_hal.o
 .debug_info    0x0000b7f3      0xe63 build/debug/stm32f4xx_hal_adc.o
 .debug_info    0x0000c656      0xc51 build/debug/stm32f4xx_hal_adc_ex.o
 .debug_info    0x0000d2a7      0xf07 build/debug/stm32f4xx_hal_cortex.o
 .debug_info    0x0000e1ae      0x716 build/debug/stm32f4xx_hal_gpio.o
 .debug_info    0x0000e8c4      0x1e9 build/debug/stm32f4xx_hal_iwdg.o
 .debug_info    0x0000eaad      0x45d build/debug/stm32f4xx_hal_msp.o
 .debug_info    0x0000ef0a      0xa92 build/debug/stm32f4xx_hal_rcc.o
 .debug_info    0x0000f99c     0x3bc1 build/debug/stm32f4xx_hal_tim.o
 .debug_info    0x0001355d     0x1aa9 build/debug/stm32f4xx_hal_tim_ex.o
 .debug_info    0x00015006      0xbf8 build/debug/stm32f4xx_hal_timebase_tim.o
 .debug_info    0x00015bfe     0x3fbe build/debug/stm32f4xx_hal_uart.o
 .debug_info    0x00019bbc      0xb43 build/debug/stm32f4xx_it.o
 .debug_info    0x0001a6ff     0x199c build/debug/stream_buffer.o
 .debug_info    0x0001c09b      0x539 build/debug/system_stm32f4xx.o
 .debug_info    0x0001c5d4     0x2a2d build/debug/tasks.o
 .debug_info    0x0001f001      0xa13 build/debug/tim.o
 .debug_info    0x0001fa14      0x986 build/debug/usart.o
 .debug_info    0x0002039a       0x30 build/debug/startup_stm32f411xe.o
 .debug_info    0x000203ca      0x10b /usr/lib/gcc/arm-none-eabi/12.2.1/../../../arm-none-eabi/lib/thumb/v7e-m+fp/hard/libc_nano.a(lib_a-init.o)
 .debug_info    0x000204d5       0x33 /usr/lib/gcc/arm-none-eabi/12.2.1/../../../arm-none-eabi/lib/thumb/v7e-m+fp/hard/libc_nano.a(lib_a-memcpy.o)
 .debug_info    0x00020508      0x135 /usr/lib/gcc/arm-none-eabi/12.2.1/../../../arm-none-eabi/lib/thumb/v7e-m+fp/hard/libc_nano.a(lib_a-memset.o)
 .debug_info    0x0002063d       0x24 /usr/lib/gcc/arm-none-eabi/12.2.1/thumb/v7e-m+fp/hard/libgcc.a(_aeabi_uldivmod.o)
 .debug_info    0x00020661      0x6ef /usr/lib/gcc/arm-none-eabi/12.2.1/thumb/v7e-m+fp/hard/libgcc.a(_udivmoddi4.o)
 .debug_info    0x00020d50       0x39 /usr/lib/gcc/arm-none-eabi/12.2.1/thumb/v7e-m+fp/hard/libgcc.a(_dvmd_tls.o)

.debug_abbrev   0x00000000     0x49bf
 .debug_abbrev  0x00000000      0x216 build/debug/adc.o
 .debug_abbrev  0x00000216      0x3e0 build/debug/cmsis_os.o
 .debug_abbrev  0x000005f6      0x31c build/debug/event_groups.o
 .debug_abbrev  0x00000912      0x19c build/debug/freertos.o
 .debug_abbrev  0x00000aae      0x163 build/debug/gpio.o
 .debug_abbrev  0x00000c11      0x143 build/debug/iwdg.o
 .debug_abbrev  0x00000d54      0x10a build/debug/list.o
 .debug_abbrev  0x00000e5e      0x32a build/debug/main.o
 .debug_abbrev  0x00001188      0x2e1 build/debug/mpu_wrappers.o
 .debug_abbrev  0x00001469      0x386 build/debug/port.o
 .debug_abbrev  0x000017ef      0x3f6 build/debug/queue.o
 .debug_abbrev  0x00001be5      0x277 build/debug/stm32f4xx_hal.o
 .debug_abbrev  0x00001e5c      0x234 build/debug/stm32f4xx_hal_adc.o
 .debug_abbrev  0x00002090      0x291 build/debug/stm32f4xx_hal_adc_ex.o
 .debug_abbrev  0x00002321      0x391 build/debug/stm32f4xx_hal_cortex.o
 .debug_abbrev  0x000026b2      0x201 build/debug/stm32f4xx_hal_gpio.o
 .debug_abbrev  0x000028b3      0x139 build/debug/stm32f4xx_hal_iwdg.o
 .debug_abbrev  0x000029ec      0x120 build/debug/stm32f4xx_hal_msp.o
 .debug_abbrev  0x00002b0c      0x2c6 build/debug/stm32f4xx_hal_rcc.o
 .debug_abbrev  0x00002dd2      0x284 build/debug/stm32f4xx_hal_tim.o
 .debug_abbrev  0x00003056      0x282 build/debug/stm32f4xx_hal_tim_ex.o
 .debug_abbrev  0x000032d8      0x246 build/debug/stm32f4xx_hal_timebase_tim.o
 .debug_abbrev  0x0000351e      0x333 build/debug/stm32f4xx_hal_uart.o
 .debug_abbrev  0x00003851      0x1b6 build/debug/stm32f4xx_it.o
 .debug_abbrev  0x00003a07      0x33d build/debug/stream_buffer.o
 .debug_abbrev  0x00003d44      0x11f build/debug/system_stm32f4xx.o
 .debug_abbrev  0x00003e63      0x3d7 build/debug/tasks.o
 .debug_abbrev  0x0000423a      0x206 build/debug/tim.o
 .debug_abbrev  0x00004440      0x216 build/debug/usart.o
 .debug_abbrev  0x00004656       0x24 build/debug/startup_stm32f411xe.o
 .debug_abbrev  0x0000467a       0xc9 /usr/lib/gcc/arm-none-eabi/12.2.1/../../../arm-none-eabi/lib/thumb/v7e-m+fp/hard/libc_nano.a(lib_a-init.o)
 .debug_abbrev  0x00004743       0x28 /usr/lib/gcc/arm-none-eabi/12.2.1/../../../arm-none-eabi/lib/thumb/v7e-m+fp/hard/libc_nano.a(lib_a-memcpy.o)
 .debug_abbrev  0x0000476b       0xb7 /usr/lib/gcc/arm-none-eabi/12.2.1/../../../arm-none-eabi/lib/thumb/v7e-m+fp/hard/libc_nano.a(lib_a-memset.o)
 .debug_abbrev  0x00004822       0x14 /usr/lib/gcc/arm-none-eabi/12.2.1/thumb/v7e-m+fp/hard/libgcc.a(_aeabi_uldivmod.o)
 .debug_abbrev  0x00004836      0x16a /usr/lib/gcc/arm-none-eabi/12.2.1/thumb/v7e-m+fp/hard/libgcc.a(_udivmoddi4.o)
 .debug_abbrev  0x000049a0       0x1f /usr/lib/gcc/arm-none-eabi/12.2.1/thumb/v7e-m+fp/hard/libgcc.a(_dvmd_tls.o)

.debug_loclists
                0x00000000     0xe96f
 .debug_loclists
                0x00000000       0x4b build/debug/adc.o
 .debug_loclists
                0x0000004b      0xa54 build/debug/cmsis_os.o
 .debug_loclists
                0x00000a9f      0x600 build/debug/event_groups.o
 .debug_loclists
                0x0000109f       0x23 build/debug/freertos.o
 .debug_loclists
                0x000010c2       0x6f build/debug/list.o
 .debug_loclists
                0x00001131       0x62 build/debug/main.o
 .debug_loclists
                0x00001193     0x107e build/debug/mpu_wrappers.o
 .debug_loclists
                0x00002211      0x2ad build/debug/port.o
 .debug_loclists
                0x000024be      0xc67 build/debug/queue.o
 .debug_loclists
                0x00003125       0xc9 build/debug/stm32f4xx_hal.o
 .debug_loclists
                0x000031ee      0x7b6 build/debug/stm32f4xx_hal_adc.o
 .debug_loclists
                0x000039a4      0x752 build/debug/stm32f4xx_hal_adc_ex.o
 .debug_loclists
                0x000040f6      0x439 build/debug/stm32f4xx_hal_cortex.o
 .debug_loclists
                0x0000452f      0x356 build/debug/stm32f4xx_hal_gpio.o
 .debug_loclists
                0x00004885       0x5c build/debug/stm32f4xx_hal_iwdg.o
 .debug_loclists
                0x000048e1      0x3a9 build/debug/stm32f4xx_hal_rcc.o
 .debug_loclists
                0x00004c8a     0x3359 build/debug/stm32f4xx_hal_tim.o
 .debug_loclists
                0x00007fe3     0x1292 build/debug/stm32f4xx_hal_tim_ex.o
 .debug_loclists
                0x00009275       0x6d build/debug/stm32f4xx_hal_timebase_tim.o
 .debug_loclists
                0x000092e2     0x2a21 build/debug/stm32f4xx_hal_uart.o
 .debug_loclists
                0x0000bd03      0xdda build/debug/stream_buffer.o
 .debug_loclists
                0x0000cadd       0x7a build/debug/system_stm32f4xx.o
 .debug_loclists
                0x0000cb57     0x120e build/debug/tasks.o
 .debug_loclists
                0x0000dd65       0x5c build/debug/usart.o
 .debug_loclists
                0x0000ddc1       0x65 /usr/lib/gcc/arm-none-eabi/12.2.1/../../../arm-none-eabi/lib/thumb/v7e-m+fp/hard/libc_nano.a(lib_a-init.o)
 .debug_loclists
                0x0000de26      0x1b6 /usr/lib/gcc/arm-none-eabi/12.2.1/../../../arm-none-eabi/lib/thumb/v7e-m+fp/hard/libc_nano.a(lib_a-memset.o)
 .debug_loclists
                0x0000dfdc      0x993 /usr/lib/gcc/arm-none-eabi/12.2.1/thumb/v7e-m+fp/hard/libgcc.a(_udivmoddi4.o)

.debug_aranges  0x00000000     0x1720
 .debug_aranges
                0x00000000       0x30 build/debug/adc.o
 .debug_aranges
                0x00000030      0x1d8 build/debug/cmsis_os.o
 .debug_aranges
                0x00000208       0x68 build/debug/event_groups.o
 .debug_aranges
                0x00000270       0x30 build/debug/freertos.o
 .debug_aranges
                0x000002a0       0x20 build/debug/gpio.o
 .debug_aranges
                0x000002c0       0x20 build/debug/iwdg.o
 .debug_aranges
                0x000002e0       0x40 build/debug/list.o
 .debug_aranges
                0x00000320       0x48 build/debug/main.o
 .debug_aranges
                0x00000368      0x1d8 build/debug/mpu_wrappers.o
 .debug_aranges
                0x00000540       0xa8 build/debug/port.o
 .debug_aranges
                0x000005e8       0xf8 build/debug/queue.o
 .debug_aranges
                0x000006e0       0xf0 build/debug/stm32f4xx_hal.o
 .debug_aranges
                0x000007d0       0xe8 build/debug/stm32f4xx_hal_adc.o
 .debug_aranges
                0x000008b8       0x90 build/debug/stm32f4xx_hal_adc_ex.o
 .debug_aranges
                0x00000948       0xf8 build/debug/stm32f4xx_hal_cortex.o
 .debug_aranges
                0x00000a40       0x58 build/debug/stm32f4xx_hal_gpio.o
 .debug_aranges
                0x00000a98       0x28 build/debug/stm32f4xx_hal_iwdg.o
 .debug_aranges
                0x00000ac0       0x20 build/debug/stm32f4xx_hal_msp.o
 .debug_aranges
                0x00000ae0       0x88 build/debug/stm32f4xx_hal_rcc.o
 .debug_aranges
                0x00000b68      0x3d0 build/debug/stm32f4xx_hal_tim.o
 .debug_aranges
                0x00000f38      0x168 build/debug/stm32f4xx_hal_tim_ex.o
 .debug_aranges
                0x000010a0       0x30 build/debug/stm32f4xx_hal_timebase_tim.o
 .debug_aranges
                0x000010d0      0x208 build/debug/stm32f4xx_hal_uart.o
 .debug_aranges
                0x000012d8       0x58 build/debug/stm32f4xx_it.o
 .debug_aranges
                0x00001330       0xc0 build/debug/stream_buffer.o
 .debug_aranges
                0x000013f0       0x28 build/debug/system_stm32f4xx.o
 .debug_aranges
                0x00001418      0x1c0 build/debug/tasks.o
 .debug_aranges
                0x000015d8       0x30 build/debug/tim.o
 .debug_aranges
                0x00001608       0x30 build/debug/usart.o
 .debug_aranges
                0x00001638       0x28 build/debug/startup_stm32f411xe.o
 .debug_aranges
                0x00001660       0x20 /usr/lib/gcc/arm-none-eabi/12.2.1/../../../arm-none-eabi/lib/thumb/v7e-m+fp/hard/libc_nano.a(lib_a-init.o)
 .debug_aranges
                0x00001680       0x20 /usr/lib/gcc/arm-none-eabi/12.2.1/../../../arm-none-eabi/lib/thumb/v7e-m+fp/hard/libc_nano.a(lib_a-memcpy.o)
 .debug_aranges
                0x000016a0       0x20 /usr/lib/gcc/arm-none-eabi/12.2.1/../../../arm-none-eabi/lib/thumb/v7e-m+fp/hard/libc_nano.a(lib_a-memset.o)
 .debug_aranges
                0x000016c0       0x20 /usr/lib/gcc/arm-none-eabi/12.2.1/thumb/v7e-m+fp/hard/libgcc.a(_aeabi_uldivmod.o)
 .debug_aranges
                0x000016e0       0x20 /usr/lib/gcc/arm-none-eabi/12.2.1/thumb/v7e-m+fp/hard/libgcc.a(_udivmoddi4.o)
 .debug_aranges
                0x00001700       0x20 /usr/lib/gcc/arm-none-eabi/12.2.1/thumb/v7e-m+fp/hard/libgcc.a(_dvmd_tls.o)

.debug_rnglists
                0x00000000     0x1242
 .debug_rnglists
                0x00000000       0x1f build/debug/adc.o
 .debug_rnglists
                0x0000001f      0x15e build/debug/cmsis_os.o
 .debug_rnglists
                0x0000017d       0x67 build/debug/event_groups.o
 .debug_rnglists
                0x000001e4       0x1f build/debug/freertos.o
 .debug_rnglists
                0x00000203       0x14 build/debug/gpio.o
 .debug_rnglists
                0x00000217       0x13 build/debug/iwdg.o
 .debug_rnglists
                0x0000022a       0x2b build/debug/list.o
 .debug_rnglists
                0x00000255       0x32 build/debug/main.o
 .debug_rnglists
                0x00000287      0x15d build/debug/mpu_wrappers.o
 .debug_rnglists
                0x000003e4       0x7d build/debug/port.o
 .debug_rnglists
                0x00000461      0x128 build/debug/queue.o
 .debug_rnglists
                0x00000589       0xaf build/debug/stm32f4xx_hal.o
 .debug_rnglists
                0x00000638       0xb0 build/debug/stm32f4xx_hal_adc.o
 .debug_rnglists
                0x000006e8       0x6c build/debug/stm32f4xx_hal_adc_ex.o
 .debug_rnglists
                0x00000754       0xb5 build/debug/stm32f4xx_hal_cortex.o
 .debug_rnglists
                0x00000809       0x3f build/debug/stm32f4xx_hal_gpio.o
 .debug_rnglists
                0x00000848       0x19 build/debug/stm32f4xx_hal_iwdg.o
 .debug_rnglists
                0x00000861       0x13 build/debug/stm32f4xx_hal_msp.o
 .debug_rnglists
                0x00000874       0x75 build/debug/stm32f4xx_hal_rcc.o
 .debug_rnglists
                0x000008e9      0x2ff build/debug/stm32f4xx_hal_tim.o
 .debug_rnglists
                0x00000be8      0x11a build/debug/stm32f4xx_hal_tim_ex.o
 .debug_rnglists
                0x00000d02       0x20 build/debug/stm32f4xx_hal_timebase_tim.o
 .debug_rnglists
                0x00000d22      0x195 build/debug/stm32f4xx_hal_uart.o
 .debug_rnglists
                0x00000eb7       0x3d build/debug/stm32f4xx_it.o
 .debug_rnglists
                0x00000ef4       0x92 build/debug/stream_buffer.o
 .debug_rnglists
                0x00000f86       0x1a build/debug/system_stm32f4xx.o
 .debug_rnglists
                0x00000fa0      0x1c2 build/debug/tasks.o
 .debug_rnglists
                0x00001162       0x1f build/debug/tim.o
 .debug_rnglists
                0x00001181       0x1f build/debug/usart.o
 .debug_rnglists
                0x000011a0       0x19 build/debug/startup_stm32f411xe.o
 .debug_rnglists
                0x000011b9       0x89 /usr/lib/gcc/arm-none-eabi/12.2.1/thumb/v7e-m+fp/hard/libgcc.a(_udivmoddi4.o)

.debug_line     0x00000000    0x17f27
 .debug_line    0x00000000      0x262 build/debug/adc.o
 .debug_line    0x00000262      0xed8 build/debug/cmsis_os.o
 .debug_line    0x0000113a      0x8c7 build/debug/event_groups.o
 .debug_line    0x00001a01      0x1bb build/debug/freertos.o
 .debug_line    0x00001bbc      0x14c build/debug/gpio.o
 .debug_line    0x00001d08      0x150 build/debug/iwdg.o
 .debug_line    0x00001e58      0x2d3 build/debug/list.o
 .debug_line    0x0000212b      0x49b build/debug/main.o
 .debug_line    0x000025c6      0xa2f build/debug/mpu_wrappers.o
 .debug_line    0x00002ff5      0x7eb build/debug/port.o
 .debug_line    0x000037e0     0x18cf build/debug/queue.o
 .debug_line    0x000050af      0x4e2 build/debug/stm32f4xx_hal.o
 .debug_line    0x00005591      0xfca build/debug/stm32f4xx_hal_adc.o
 .debug_line    0x0000655b      0xc3f build/debug/stm32f4xx_hal_adc_ex.o
 .debug_line    0x0000719a      0x7cf build/debug/stm32f4xx_hal_cortex.o
 .debug_line    0x00007969      0x61b build/debug/stm32f4xx_hal_gpio.o
 .debug_line    0x00007f84      0x1d4 build/debug/stm32f4xx_hal_iwdg.o
 .debug_line    0x00008158      0x10d build/debug/stm32f4xx_hal_msp.o
 .debug_line    0x00008265      0xab8 build/debug/stm32f4xx_hal_rcc.o
 .debug_line    0x00008d1d     0x48e7 build/debug/stm32f4xx_hal_tim.o
 .debug_line    0x0000d604     0x1c29 build/debug/stm32f4xx_hal_tim_ex.o
 .debug_line    0x0000f22d      0x242 build/debug/stm32f4xx_hal_timebase_tim.o
 .debug_line    0x0000f46f     0x427a build/debug/stm32f4xx_hal_uart.o
 .debug_line    0x000136e9      0x289 build/debug/stm32f4xx_it.o
 .debug_line    0x00013972     0x125d build/debug/stream_buffer.o
 .debug_line    0x00014bcf      0x1ca build/debug/system_stm32f4xx.o
 .debug_line    0x00014d99     0x2310 build/debug/tasks.o
 .debug_line    0x000170a9      0x229 build/debug/tim.o
 .debug_line    0x000172d2      0x23c build/debug/usart.o
 .debug_line    0x0001750e       0x76 build/debug/startup_stm32f411xe.o
 .debug_line    0x00017584      0x12c /usr/lib/gcc/arm-none-eabi/12.2.1/../../../arm-none-eabi/lib/thumb/v7e-m+fp/hard/libc_nano.a(lib_a-init.o)
 .debug_line    0x000176b0       0xb9 /usr/lib/gcc/arm-none-eabi/12.2.1/../../../arm-none-eabi/lib/thumb/v7e-m+fp/hard/libc_nano.a(lib_a-memcpy.o)
 .debug_line    0x00017769      0x1b0 /usr/lib/gcc/arm-none-eabi/12.2.1/../../../arm-none-eabi/lib/thumb/v7e-m+fp/hard/libc_nano.a(lib_a-memset.o)
 .debug_line    0x00017919       0x4e /usr/lib/gcc/arm-none-eabi/12.2.1/thumb/v7e-m+fp/hard/libgcc.a(_aeabi_uldivmod.o)
 .debug_line    0x00017967      0x576 /usr/lib/gcc/arm-none-eabi/12.2.1/thumb/v7e-m+fp/hard/libgcc.a(_udivmoddi4.o)
 .debug_line    0x00017edd       0x4a /usr/lib/gcc/arm-none-eabi/12.2.1/thumb/v7e-m+fp/hard/libgcc.a(_dvmd_tls.o)

.debug_str      0x00000000     0x7326
 .debug_str     0x00000000      0xa5a build/debug/adc.o
                                0xb0a (size before relaxing)
 .debug_str     0x00000a5a      0xe2d build/debug/cmsis_os.o
                               0x1098 (size before relaxing)
 .debug_str     0x00001887      0x355 build/debug/event_groups.o
                                0x6cc (size before relaxing)
 .debug_str     0x00001bdc       0xff build/debug/freertos.o
                                0x5e9 (size before relaxing)
 .debug_str     0x00001cdb       0xcf build/debug/gpio.o
                                0x34a (size before relaxing)
 .debug_str     0x00001daa       0x69 build/debug/iwdg.o
                                0x21f (size before relaxing)
 .debug_str     0x00001e13       0xac build/debug/list.o
                                0x2cb (size before relaxing)
 .debug_str     0x00001ebf      0x61b build/debug/main.o
                                0xee7 (size before relaxing)
 .debug_str     0x000024da      0x6ef build/debug/mpu_wrappers.o
                               0x12d6 (size before relaxing)
 .debug_str     0x00002bc9      0x3a5 build/debug/port.o
                                0x711 (size before relaxing)
 .debug_str     0x00002f6e      0x426 build/debug/queue.o
                                0xab3 (size before relaxing)
 .debug_str     0x00003394      0x349 build/debug/stm32f4xx_hal.o
                                0x9e7 (size before relaxing)
 .debug_str     0x000036dd      0x2c3 build/debug/stm32f4xx_hal_adc.o
                                0x916 (size before relaxing)
 .debug_str     0x000039a0      0x2dc build/debug/stm32f4xx_hal_adc_ex.o
                                0x96a (size before relaxing)
 .debug_str     0x00003c7c      0x4a3 build/debug/stm32f4xx_hal_cortex.o
                                0xad2 (size before relaxing)
 .debug_str     0x0000411f      0x114 build/debug/stm32f4xx_hal_gpio.o
                                0x4a6 (size before relaxing)
 .debug_str     0x00004233       0x36 build/debug/stm32f4xx_hal_iwdg.o
                                0x251 (size before relaxing)
 .debug_str     0x00004269       0x1d build/debug/stm32f4xx_hal_msp.o
                                0x64b (size before relaxing)
 .debug_str     0x00004286      0x1cc build/debug/stm32f4xx_hal_rcc.o
                                0x6c1 (size before relaxing)
 .debug_str     0x00004452      0xf24 build/debug/stm32f4xx_hal_tim.o
                               0x16bd (size before relaxing)
 .debug_str     0x00005376      0x55b build/debug/stm32f4xx_hal_tim_ex.o
                                0xec9 (size before relaxing)
 .debug_str     0x000058d1       0x52 build/debug/stm32f4xx_hal_timebase_tim.o
                                0xcdf (size before relaxing)
 .debug_str     0x00005923      0x82f build/debug/stm32f4xx_hal_uart.o
                                0xd44 (size before relaxing)
 .debug_str     0x00006152       0xbc build/debug/stm32f4xx_it.o
                                0x962 (size before relaxing)
 .debug_str     0x0000620e      0x277 build/debug/stream_buffer.o
                                0x8cd (size before relaxing)
 .debug_str     0x00006485       0x47 build/debug/system_stm32f4xx.o
                                0x346 (size before relaxing)
 .debug_str     0x000064cc      0x4e4 build/debug/tasks.o
                               0x10f5 (size before relaxing)
 .debug_str     0x000069b0       0x24 build/debug/tim.o
                                0x92c (size before relaxing)
 .debug_str     0x000069d4       0x23 build/debug/usart.o
                                0x7fc (size before relaxing)
 .debug_str     0x000069f7       0x30 build/debug/startup_stm32f411xe.o
                                 0x50 (size before relaxing)
 .debug_str     0x00006a27      0x159 /usr/lib/gcc/arm-none-eabi/12.2.1/../../../arm-none-eabi/lib/thumb/v7e-m+fp/hard/libc_nano.a(lib_a-init.o)
                                0x1fb (size before relaxing)
 .debug_str     0x00006b80       0xa4 /usr/lib/gcc/arm-none-eabi/12.2.1/../../../arm-none-eabi/lib/thumb/v7e-m+fp/hard/libc_nano.a(lib_a-memcpy.o)
                                 0xb7 (size before relaxing)
 .debug_str     0x00006c24       0x9d /usr/lib/gcc/arm-none-eabi/12.2.1/../../../arm-none-eabi/lib/thumb/v7e-m+fp/hard/libc_nano.a(lib_a-memset.o)
                                0x1b0 (size before relaxing)
 .debug_str     0x00006cc1       0xa3 /usr/lib/gcc/arm-none-eabi/12.2.1/thumb/v7e-m+fp/hard/libgcc.a(_aeabi_uldivmod.o)
 .debug_str     0x00006d64      0x576 /usr/lib/gcc/arm-none-eabi/12.2.1/thumb/v7e-m+fp/hard/libgcc.a(_udivmoddi4.o)
                                0x676 (size before relaxing)
 .debug_str     0x000072da       0x4c /usr/lib/gcc/arm-none-eabi/12.2.1/thumb/v7e-m+fp/hard/libgcc.a(_dvmd_tls.o)
                                 0xc3 (size before relaxing)

.debug_frame    0x00000000     0x3ef8
 .debug_frame   0x00000000       0x64 build/debug/adc.o
 .debug_frame   0x00000064      0x568 build/debug/cmsis_os.o
 .debug_frame   0x000005cc      0x14c build/debug/event_groups.o
 .debug_frame   0x00000718       0x58 build/debug/freertos.o
 .debug_frame   0x00000770       0x30 build/debug/gpio.o
 .debug_frame   0x000007a0       0x28 build/debug/iwdg.o
 .debug_frame   0x000007c8       0x70 build/debug/list.o
 .debug_frame   0x00000838       0xa0 build/debug/main.o
 .debug_frame   0x000008d8      0x674 build/debug/mpu_wrappers.o
 .debug_frame   0x00000f4c      0x17c build/debug/port.o
 .debug_frame   0x000010c8      0x314 build/debug/queue.o
 .debug_frame   0x000013dc      0x1ec build/debug/stm32f4xx_hal.o
 .debug_frame   0x000015c8      0x268 build/debug/stm32f4xx_hal_adc.o
 .debug_frame   0x00001830      0x18c build/debug/stm32f4xx_hal_adc_ex.o
 .debug_frame   0x000019bc      0x214 build/debug/stm32f4xx_hal_cortex.o
 .debug_frame   0x00001bd0       0xd8 build/debug/stm32f4xx_hal_gpio.o
 .debug_frame   0x00001ca8       0x44 build/debug/stm32f4xx_hal_iwdg.o
 .debug_frame   0x00001cec       0x2c build/debug/stm32f4xx_hal_msp.o
 .debug_frame   0x00001d18      0x16c build/debug/stm32f4xx_hal_rcc.o
 .debug_frame   0x00001e84      0xb20 build/debug/stm32f4xx_hal_tim.o
 .debug_frame   0x000029a4      0x40c build/debug/stm32f4xx_hal_tim_ex.o
 .debug_frame   0x00002db0       0x54 build/debug/stm32f4xx_hal_timebase_tim.o
 .debug_frame   0x00002e04      0x5e0 build/debug/stm32f4xx_hal_uart.o
 .debug_frame   0x000033e4       0xa4 build/debug/stm32f4xx_it.o
 .debug_frame   0x00003488      0x328 build/debug/stream_buffer.o
 .debug_frame   0x000037b0       0x30 build/debug/system_stm32f4xx.o
 .debug_frame   0x000037e0      0x5a8 build/debug/tasks.o
 .debug_frame   0x00003d88       0x58 build/debug/tim.o
 .debug_frame   0x00003de0       0x60 build/debug/usart.o
 .debug_frame   0x00003e40       0x2c /usr/lib/gcc/arm-none-eabi/12.2.1/../../../arm-none-eabi/lib/thumb/v7e-m+fp/hard/libc_nano.a(lib_a-init.o)
 .debug_frame   0x00003e6c       0x2c /usr/lib/gcc/arm-none-eabi/12.2.1/../../../arm-none-eabi/lib/thumb/v7e-m+fp/hard/libc_nano.a(lib_a-memset.o)
 .debug_frame   0x00003e98       0x2c /usr/lib/gcc/arm-none-eabi/12.2.1/thumb/v7e-m+fp/hard/libgcc.a(_aeabi_uldivmod.o)
 .debug_frame   0x00003ec4       0x34 /usr/lib/gcc/arm-none-eabi/12.2.1/thumb/v7e-m+fp/hard/libgcc.a(_udivmoddi4.o)

.debug_line_str
                0x00000000      0x17d
 .debug_line_str
                0x00000000       0x36 build/debug/startup_stm32f411xe.o
 .debug_line_str
                0x00000036       0xa4 /usr/lib/gcc/arm-none-eabi/12.2.1/../../../arm-none-eabi/lib/thumb/v7e-m+fp/hard/libc_nano.a(lib_a-memcpy.o)
 .debug_line_str
                0x000000da       0x97 /usr/lib/gcc/arm-none-eabi/12.2.1/thumb/v7e-m+fp/hard/libgcc.a(_aeabi_uldivmod.o)
 .debug_line_str
                0x00000171        0xc /usr/lib/gcc/arm-none-eabi/12.2.1/thumb/v7e-m+fp/hard/libgcc.a(_dvmd_tls.o)
                                 0x9b (size before relaxing)

Cross Reference Table

Symbol                                            File
ADC_IRQHandler                                    build/debug/stm32f4xx_it.o
AHBPrescTable                                     build/debug/system_stm32f4xx.o
                                                  build/debug/stm32f4xx_hal_rcc.o
APBPrescTable                                     build/debug/system_stm32f4xx.o
                                                  build/debug/stm32f4xx_hal_rcc.o
BusFault_Handler                                  build/debug/stm32f4xx_it.o
DMA1_Stream0_IRQHandler                           build/debug/startup_stm32f411xe.o
DMA1_Stream1_IRQHandler                           build/debug/startup_stm32f411xe.o
DMA1_Stream2_IRQHandler                           build/debug/startup_stm32f411xe.o
DMA1_Stream3_IRQHandler                           build/debug/startup_stm32f411xe.o
DMA1_Stream4_IRQHandler                           build/debug/startup_stm32f411xe.o
DMA1_Stream5_IRQHandler                           build/debug/startup_stm32f411xe.o
DMA1_Stream6_IRQHandler                           build/debug/startup_stm32f411xe.o
DMA1_Stream7_IRQHandler                           build/debug/startup_stm32f411xe.o
DMA2_Stream0_IRQHandler                           build/debug/startup_stm32f411xe.o
DMA2_Stream1_IRQHandler                           build/debug/startup_stm32f411xe.o
DMA2_Stream2_IRQHandler                           build/debug/startup_stm32f411xe.o
DMA2_Stream3_IRQHandler                           build/debug/startup_stm32f411xe.o
DMA2_Stream4_IRQHandler                           build/debug/startup_stm32f411xe.o
DMA2_Stream5_IRQHandler                           build/debug/startup_stm32f411xe.o
DMA2_Stream6_IRQHandler                           build/debug/startup_stm32f411xe.o
DMA2_Stream7_IRQHandler                           build/debug/startup_stm32f411xe.o
DebugMon_Handler                                  build/debug/stm32f4xx_it.o
Default_Handler                                   build/debug/startup_stm32f411xe.o
EXTI0_IRQHandler                                  build/debug/startup_stm32f411xe.o
EXTI15_10_IRQHandler                              build/debug/startup_stm32f411xe.o
EXTI1_IRQHandler                                  build/debug/startup_stm32f411xe.o
EXTI2_IRQHandler                                  build/debug/startup_stm32f411xe.o
EXTI3_IRQHandler                                  build/debug/startup_stm32f411xe.o
EXTI4_IRQHandler                                  build/debug/startup_stm32f411xe.o
EXTI9_5_IRQHandler                                build/debug/startup_stm32f411xe.o
Error_Handler                                     build/debug/main.o
                                                  build/debug/usart.o
                                                  build/debug/tim.o
                                                  build/debug/iwdg.o
                                                  build/debug/adc.o
FLASH_Erase_Sector                                build/debug/stm32f4xx_hal_flash_ex.o
                                                  build/debug/stm32f4xx_hal_flash.o
FLASH_FlushCaches                                 build/debug/stm32f4xx_hal_flash_ex.o
                                                  build/debug/stm32f4xx_hal_flash.o
FLASH_IRQHandler                                  build/debug/startup_stm32f411xe.o
FLASH_WaitForLastOperation                        build/debug/stm32f4xx_hal_flash.o
                                                  build/debug/stm32f4xx_hal_flash_ex.o
FPU_IRQHandler                                    build/debug/startup_stm32f411xe.o
HAL_ADCEx_InjectedConfigChannel                   build/debug/stm32f4xx_hal_adc_ex.o
HAL_ADCEx_InjectedConvCpltCallback                build/debug/stm32f4xx_hal_adc_ex.o
                                                  build/debug/stm32f4xx_hal_adc.o
HAL_ADCEx_InjectedGetValue                        build/debug/stm32f4xx_hal_adc_ex.o
HAL_ADCEx_InjectedPollForConversion               build/debug/stm32f4xx_hal_adc_ex.o
HAL_ADCEx_InjectedStart                           build/debug/stm32f4xx_hal_adc_ex.o
HAL_ADCEx_InjectedStart_IT                        build/debug/stm32f4xx_hal_adc_ex.o
HAL_ADCEx_InjectedStop                            build/debug/stm32f4xx_hal_adc_ex.o
HAL_ADCEx_InjectedStop_IT                         build/debug/stm32f4xx_hal_adc_ex.o
HAL_ADCEx_MultiModeConfigChannel                  build/debug/stm32f4xx_hal_adc_ex.o
HAL_ADCEx_MultiModeGetValue                       build/debug/stm32f4xx_hal_adc_ex.o
HAL_ADCEx_MultiModeStart_DMA                      build/debug/stm32f4xx_hal_adc_ex.o
HAL_ADCEx_MultiModeStop_DMA                       build/debug/stm32f4xx_hal_adc_ex.o
HAL_ADC_AnalogWDGConfig                           build/debug/stm32f4xx_hal_adc.o
HAL_ADC_ConfigChannel                             build/debug/stm32f4xx_hal_adc.o
                                                  build/debug/adc.o
HAL_ADC_ConvCpltCallback                          build/debug/stm32f4xx_hal_adc.o
                                                  build/debug/stm32f4xx_hal_adc_ex.o
HAL_ADC_ConvHalfCpltCallback                      build/debug/stm32f4xx_hal_adc.o
                                                  build/debug/stm32f4xx_hal_adc_ex.o
HAL_ADC_DeInit                                    build/debug/stm32f4xx_hal_adc.o
HAL_ADC_ErrorCallback                             build/debug/stm32f4xx_hal_adc.o
                                                  build/debug/stm32f4xx_hal_adc_ex.o
HAL_ADC_GetError                                  build/debug/stm32f4xx_hal_adc.o
HAL_ADC_GetState                                  build/debug/stm32f4xx_hal_adc.o
HAL_ADC_GetValue                                  build/debug/stm32f4xx_hal_adc.o
HAL_ADC_IRQHandler                                build/debug/stm32f4xx_hal_adc.o
                                                  build/debug/stm32f4xx_it.o
HAL_ADC_Init                                      build/debug/stm32f4xx_hal_adc.o
                                                  build/debug/adc.o
HAL_ADC_LevelOutOfWindowCallback                  build/debug/stm32f4xx_hal_adc.o
HAL_ADC_MspDeInit                                 build/debug/adc.o
HAL_ADC_MspInit                                   build/debug/adc.o
HAL_ADC_PollForConversion                         build/debug/stm32f4xx_hal_adc.o
HAL_ADC_PollForEvent                              build/debug/stm32f4xx_hal_adc.o
HAL_ADC_Start                                     build/debug/stm32f4xx_hal_adc.o
HAL_ADC_Start_DMA                                 build/debug/stm32f4xx_hal_adc.o
HAL_ADC_Start_IT                                  build/debug/stm32f4xx_hal_adc.o
HAL_ADC_Stop                                      build/debug/stm32f4xx_hal_adc.o
HAL_ADC_Stop_DMA                                  build/debug/stm32f4xx_hal_adc.o
HAL_ADC_Stop_IT                                   build/debug/stm32f4xx_hal_adc.o
HAL_CORTEX_ClearEvent                             build/debug/stm32f4xx_hal_cortex.o
HAL_DBGMCU_DisableDBGSleepMode                    build/debug/stm32f4xx_hal.o
HAL_DBGMCU_DisableDBGStandbyMode                  build/debug/stm32f4xx_hal.o
HAL_DBGMCU_DisableDBGStopMode                     build/debug/stm32f4xx_hal.o
HAL_DBGMCU_EnableDBGSleepMode                     build/debug/stm32f4xx_hal.o
HAL_DBGMCU_EnableDBGStandbyMode                   build/debug/stm32f4xx_hal.o
HAL_DBGMCU_EnableDBGStopMode                      build/debug/stm32f4xx_hal.o
HAL_DMAEx_ChangeMemory                            build/debug/stm32f4xx_hal_dma_ex.o
HAL_DMAEx_MultiBufferStart                        build/debug/stm32f4xx_hal_dma_ex.o
HAL_DMAEx_MultiBufferStart_IT                     build/debug/stm32f4xx_hal_dma_ex.o
HAL_DMA_Abort                                     build/debug/stm32f4xx_hal_dma.o
                                                  build/debug/stm32f4xx_hal_uart.o
                                                  build/debug/stm32f4xx_hal_adc_ex.o
                                                  build/debug/stm32f4xx_hal_adc.o
HAL_DMA_Abort_IT                                  build/debug/stm32f4xx_hal_dma.o
                                                  build/debug/stm32f4xx_hal_uart.o
                                                  build/debug/stm32f4xx_hal_tim_ex.o
                                                  build/debug/stm32f4xx_hal_tim.o
HAL_DMA_DeInit                                    build/debug/stm32f4xx_hal_dma.o
HAL_DMA_GetError                                  build/debug/stm32f4xx_hal_dma.o
                                                  build/debug/stm32f4xx_hal_uart.o
HAL_DMA_GetState                                  build/debug/stm32f4xx_hal_dma.o
HAL_DMA_IRQHandler                                build/debug/stm32f4xx_hal_dma.o
HAL_DMA_Init                                      build/debug/stm32f4xx_hal_dma.o
HAL_DMA_PollForTransfer                           build/debug/stm32f4xx_hal_dma.o
HAL_DMA_RegisterCallback                          build/debug/stm32f4xx_hal_dma.o
HAL_DMA_Start                                     build/debug/stm32f4xx_hal_dma.o
HAL_DMA_Start_IT                                  build/debug/stm32f4xx_hal_dma.o
                                                  build/debug/stm32f4xx_hal_uart.o
                                                  build/debug/stm32f4xx_hal_tim_ex.o
                                                  build/debug/stm32f4xx_hal_tim.o
                                                  build/debug/stm32f4xx_hal_adc_ex.o
                                                  build/debug/stm32f4xx_hal_adc.o
HAL_DMA_UnRegisterCallback                        build/debug/stm32f4xx_hal_dma.o
HAL_DeInit                                        build/debug/stm32f4xx_hal.o
HAL_Delay                                         build/debug/stm32f4xx_hal.o
HAL_DisableCompensationCell                       build/debug/stm32f4xx_hal.o
HAL_EXTI_ClearConfigLine                          build/debug/stm32f4xx_hal_exti.o
HAL_EXTI_ClearPending                             build/debug/stm32f4xx_hal_exti.o
HAL_EXTI_GenerateSWI                              build/debug/stm32f4xx_hal_exti.o
HAL_EXTI_GetConfigLine                            build/debug/stm32f4xx_hal_exti.o
HAL_EXTI_GetHandle                                build/debug/stm32f4xx_hal_exti.o
HAL_EXTI_GetPending                               build/debug/stm32f4xx_hal_exti.o
HAL_EXTI_IRQHandler                               build/debug/stm32f4xx_hal_exti.o
HAL_EXTI_RegisterCallback                         build/debug/stm32f4xx_hal_exti.o
HAL_EXTI_SetConfigLine                            build/debug/stm32f4xx_hal_exti.o
HAL_EnableCompensationCell                        build/debug/stm32f4xx_hal.o
HAL_FLASHEx_AdvOBGetConfig                        build/debug/stm32f4xx_hal_flash_ex.o
HAL_FLASHEx_AdvOBProgram                          build/debug/stm32f4xx_hal_flash_ex.o
HAL_FLASHEx_DisableFlashSleepMode                 build/debug/stm32f4xx_hal_flash_ramfunc.o
HAL_FLASHEx_EnableFlashSleepMode                  build/debug/stm32f4xx_hal_flash_ramfunc.o
HAL_FLASHEx_Erase                                 build/debug/stm32f4xx_hal_flash_ex.o
HAL_FLASHEx_Erase_IT                              build/debug/stm32f4xx_hal_flash_ex.o
HAL_FLASHEx_OBGetConfig                           build/debug/stm32f4xx_hal_flash_ex.o
HAL_FLASHEx_OBProgram                             build/debug/stm32f4xx_hal_flash_ex.o
HAL_FLASHEx_OB_DeSelectPCROP                      build/debug/stm32f4xx_hal_flash_ex.o
HAL_FLASHEx_OB_SelectPCROP                        build/debug/stm32f4xx_hal_flash_ex.o
HAL_FLASHEx_StartFlashInterfaceClk                build/debug/stm32f4xx_hal_flash_ramfunc.o
HAL_FLASHEx_StopFlashInterfaceClk                 build/debug/stm32f4xx_hal_flash_ramfunc.o
HAL_FLASH_EndOfOperationCallback                  build/debug/stm32f4xx_hal_flash.o
HAL_FLASH_GetError                                build/debug/stm32f4xx_hal_flash.o
HAL_FLASH_IRQHandler                              build/debug/stm32f4xx_hal_flash.o
HAL_FLASH_Lock                                    build/debug/stm32f4xx_hal_flash.o
HAL_FLASH_OB_Launch                               build/debug/stm32f4xx_hal_flash.o
HAL_FLASH_OB_Lock                                 build/debug/stm32f4xx_hal_flash.o
HAL_FLASH_OB_Unlock                               build/debug/stm32f4xx_hal_flash.o
HAL_FLASH_OperationErrorCallback                  build/debug/stm32f4xx_hal_flash.o
HAL_FLASH_Program                                 build/debug/stm32f4xx_hal_flash.o
HAL_FLASH_Program_IT                              build/debug/stm32f4xx_hal_flash.o
HAL_FLASH_Unlock                                  build/debug/stm32f4xx_hal_flash.o
HAL_GPIO_DeInit                                   build/debug/stm32f4xx_hal_gpio.o
                                                  build/debug/usart.o
HAL_GPIO_EXTI_Callback                            build/debug/stm32f4xx_hal_gpio.o
HAL_GPIO_EXTI_IRQHandler                          build/debug/stm32f4xx_hal_gpio.o
HAL_GPIO_Init                                     build/debug/stm32f4xx_hal_gpio.o
                                                  build/debug/usart.o
                                                  build/debug/stm32f4xx_hal_rcc.o
                                                  build/debug/gpio.o
HAL_GPIO_LockPin                                  build/debug/stm32f4xx_hal_gpio.o
HAL_GPIO_ReadPin                                  build/debug/stm32f4xx_hal_gpio.o
HAL_GPIO_TogglePin                                build/debug/stm32f4xx_hal_gpio.o
                                                  build/debug/main.o
HAL_GPIO_WritePin                                 build/debug/stm32f4xx_hal_gpio.o
                                                  build/debug/gpio.o
HAL_GetDEVID                                      build/debug/stm32f4xx_hal.o
HAL_GetHalVersion                                 build/debug/stm32f4xx_hal.o
HAL_GetREVID                                      build/debug/stm32f4xx_hal.o
HAL_GetTick                                       build/debug/stm32f4xx_hal.o
                                                  build/debug/stm32f4xx_hal_uart.o
                                                  build/debug/stm32f4xx_hal_rcc_ex.o
                                                  build/debug/stm32f4xx_hal_rcc.o
                                                  build/debug/stm32f4xx_hal_pwr_ex.o
                                                  build/debug/stm32f4xx_hal_iwdg.o
                                                  build/debug/stm32f4xx_hal_flash.o
                                                  build/debug/stm32f4xx_hal_dma.o
                                                  build/debug/stm32f4xx_hal_adc_ex.o
                                                  build/debug/stm32f4xx_hal_adc.o
HAL_GetTickFreq                                   build/debug/stm32f4xx_hal.o
HAL_GetTickPrio                                   build/debug/stm32f4xx_hal.o
HAL_GetUIDw0                                      build/debug/stm32f4xx_hal.o
HAL_GetUIDw1                                      build/debug/stm32f4xx_hal.o
HAL_GetUIDw2                                      build/debug/stm32f4xx_hal.o
HAL_HalfDuplex_EnableReceiver                     build/debug/stm32f4xx_hal_uart.o
HAL_HalfDuplex_EnableTransmitter                  build/debug/stm32f4xx_hal_uart.o
HAL_HalfDuplex_Init                               build/debug/stm32f4xx_hal_uart.o
HAL_IWDG_Init                                     build/debug/stm32f4xx_hal_iwdg.o
                                                  build/debug/iwdg.o
HAL_IWDG_Refresh                                  build/debug/stm32f4xx_hal_iwdg.o
                                                  build/debug/main.o
HAL_IncTick                                       build/debug/stm32f4xx_hal.o
                                                  build/debug/main.o
HAL_Init                                          build/debug/stm32f4xx_hal.o
                                                  build/debug/main.o
HAL_InitTick                                      build/debug/stm32f4xx_hal_timebase_tim.o
                                                  build/debug/stm32f4xx_hal.o
                                                  build/debug/stm32f4xx_hal_rcc_ex.o
                                                  build/debug/stm32f4xx_hal_rcc.o
HAL_LIN_Init                                      build/debug/stm32f4xx_hal_uart.o
HAL_LIN_SendBreak                                 build/debug/stm32f4xx_hal_uart.o
HAL_MPU_ConfigRegion                              build/debug/stm32f4xx_hal_cortex.o
HAL_MPU_Disable                                   build/debug/stm32f4xx_hal_cortex.o
HAL_MPU_DisableRegion                             build/debug/stm32f4xx_hal_cortex.o
HAL_MPU_Enable                                    build/debug/stm32f4xx_hal_cortex.o
HAL_MPU_EnableRegion                              build/debug/stm32f4xx_hal_cortex.o
HAL_MspDeInit                                     build/debug/stm32f4xx_hal.o
HAL_MspInit                                       build/debug/stm32f4xx_hal_msp.o
                                                  build/debug/stm32f4xx_hal.o
HAL_MultiProcessor_EnterMuteMode                  build/debug/stm32f4xx_hal_uart.o
HAL_MultiProcessor_ExitMuteMode                   build/debug/stm32f4xx_hal_uart.o
HAL_MultiProcessor_Init                           build/debug/stm32f4xx_hal_uart.o
HAL_NVIC_ClearPendingIRQ                          build/debug/stm32f4xx_hal_cortex.o
HAL_NVIC_DisableIRQ                               build/debug/stm32f4xx_hal_cortex.o
                                                  build/debug/adc.o
HAL_NVIC_EnableIRQ                                build/debug/stm32f4xx_hal_cortex.o
                                                  build/debug/stm32f4xx_hal_timebase_tim.o
                                                  build/debug/adc.o
HAL_NVIC_GetActive                                build/debug/stm32f4xx_hal_cortex.o
HAL_NVIC_GetPendingIRQ                            build/debug/stm32f4xx_hal_cortex.o
HAL_NVIC_GetPriority                              build/debug/stm32f4xx_hal_cortex.o
HAL_NVIC_GetPriorityGrouping                      build/debug/stm32f4xx_hal_cortex.o
HAL_NVIC_SetPendingIRQ                            build/debug/stm32f4xx_hal_cortex.o
HAL_NVIC_SetPriority                              build/debug/stm32f4xx_hal_cortex.o
                                                  build/debug/stm32f4xx_hal_timebase_tim.o
                                                  build/debug/stm32f4xx_hal_msp.o
                                                  build/debug/stm32f4xx_hal.o
                                                  build/debug/adc.o